ets Jul 29 2019 12:21:46

rst:0x1 (POWERON_RESET),boot:0x13 (SPI_FAST_FLASH_BOOT)
configsip: 0, SPIWP:0xee
clk_drv:0x00,q_drv:0x00,d_drv:0x00,cs0_drv:0x00,hd_drv:0x00,wp_drv:0x00
mode:DIO, clock div:2
load:0x3fff0030,len:7136
load:0x40078000,len:15780
ho 0 tail 12 room 4
load:0x40080400,len:4
load:0x40080404,len:3884
entry 0x40080650
[0;32mI (31) boot: ESP-IDF v5.2-dev-2756-g2bc1f2f574 2nd stage bootloader[0m
[0;32mI (31) boot: compile time Oct  1 2023 19:10:42[0m
[0;32mI (33) boot: Multicore bootloader[0m
[0;32mI (37) boot: chip revision: v3.0[0m
[0;32mI (41) boot.esp32: SPI Speed      : 40MHz[0m
[0;32mI (46) boot.esp32: SPI Mode       : DIO[0m
[0;32mI (50) boot.esp32: SPI Flash Size : 2MB[0m
[0;32mI (55) boot: Enabling RNG early entropy source...[0m
[0;32mI (60) boot: Partition Table:[0m
[0;32mI (64) boot: ## Label            Usage          Type ST Offset   Length[0m
[0;32mI (71) boot:  0 nvs              WiFi data        01 02 00009000 00006000[0m
[0;32mI (78) boot:  1 phy_init         RF data          01 01 0000f000 00001000[0m
[0;32mI (86) boot:  2 factory          factory app      00 00 00010000 00100000[0m
[0;32mI (93) boot: End of partition table[0m
[0;32mI (97) esp_image: segment 0: paddr=00010020 vaddr=3f400020 size=206b0h (132784) map[0m
[0;32mI (154) esp_image: segment 1: paddr=000306d8 vaddr=3ffb0000 size=03720h ( 14112) load[0m
[0;32mI (160) esp_image: segment 2: paddr=00033e00 vaddr=40080000 size=0c218h ( 49688) load[0m
[0;32mI (181) esp_image: segment 3: paddr=00040020 vaddr=400d0020 size=800c0h (524480) map[0m
[0;32mI (370) esp_image: segment 4: paddr=000c00e8 vaddr=4008c218 size=09a04h ( 39428) load[0m
[0;32mI (398) boot: Loaded app from partition at offset 0x10000[0m
[0;32mI (398) boot: Disabling RNG early entropy source...[0m
[0;32mI (409) cpu_start: Multicore app[0m
[0;32mI (410) cpu_start: Pro cpu up.[0m
[0;32mI (410) cpu_start: Starting app cpu, entry point is 0x400811e0[0m
[0;32mI (0) cpu_start: App cpu up.[0m
[0;32mI (427) cpu_start: Pro cpu start user code[0m
[0;32mI (428) cpu_start: cpu freq: 160000000 Hz[0m
[0;32mI (428) cpu_start: Application information:[0m
[0;32mI (432) cpu_start: Project name:     ap_station[0m
[0;32mI (438) cpu_start: App version:      39314c7-dirty[0m
[0;32mI (443) cpu_start: Compile time:     Oct  1 2023 19:10:36[0m
[0;32mI (449) cpu_start: ELF file SHA256:  6c508067f...[0m
[0;32mI (454) cpu_start: ESP-IDF:          v5.2-dev-2756-g2bc1f2f574[0m
[0;32mI (461) cpu_start: Min chip rev:     v0.0[0m
[0;32mI (466) cpu_start: Max chip rev:     v3.99 [0m
[0;32mI (471) cpu_start: Chip rev:         v3.0[0m
[0;32mI (475) heap_init: Initializing. RAM available for dynamic allocation:[0m
[0;32mI (483) heap_init: At 3FFAE6E0 len 00001920 (6 KiB): DRAM[0m
[0;32mI (489) heap_init: At 3FFB77B0 len 00028850 (162 KiB): DRAM[0m
[0;32mI (495) heap_init: At 3FFE0440 len 00003AE0 (14 KiB): D/IRAM[0m
[0;32mI (501) heap_init: At 3FFE4350 len 0001BCB0 (111 KiB): D/IRAM[0m
[0;32mI (508) heap_init: At 40095C1C len 0000A3E4 (40 KiB): IRAM[0m
[0;32mI (515) spi_flash: detected chip: generic[0m
[0;32mI (518) spi_flash: flash io: dio[0m
[0;33mW (522) spi_flash: Detected size(4096k) larger than the size in the binary image header(2048k). Using the size in the binary image header.[0m
[0;32mI (536) app_start: Starting scheduler on CPU0[0m
[0;32mI (541) app_start: Starting scheduler on CPU1[0m
[0;32mI (541) main_task: Started on CPU0[0m
[0;32mI (551) main_task: Calling app_main()[0m
[0;32mI (591) wifi ap_station: ESP_WIFI_MODE_AP_STA[0m
ESP_ERROR_CHECK failed: esp_err_t 0x3001 (ESP_ERR_WIFI_NOT_INIT) at 0x400d5d52
file: "./main/ap_station_main.c" line 141
func: wifi_init_ap_sta
expression: esp_wifi_set_mode(WIFI_MODE_APSTA)

abort() was called at PC 0x40088ff7 on core 0


Backtrace: 0x400817e6:0x3ffb9740 0x40089001:0x3ffb9760 0x40090062:0x3ffb9780 0x40088ff7:0x3ffb97f0 0x400d5d52:0x3ffb9820 0x400d607f:0x3ffb9a90 0x4014dff3:0x3ffb9ab0 0x4008ba65:0x3ffb9ae0




ELF file SHA256: 6c508067f

Rebooting...
ets Jul 29 2019 12:21:46

rst:0xc (SW_CPU_RESET),boot:0x13 (SPI_FAST_FLASH_BOOT)
configsip: 0, SPIWP:0xee
clk_drv:0x00,q_drv:0x00,d_drv:0x00,cs0_drv:0x00,hd_drv:0x00,wp_drv:0x00
mode:DIO, clock div:2
load:0x3fff0030,len:7136
load:0x40078000,len:15780
ho 0 tail 12 room 4
load:0x40080400,len:4
load:0x40080404,len:3884
entry 0x40080650
[0;32mI (31) boot: ESP-IDF v5.2-dev-2756-g2bc1f2f574 2nd stage bootloader[0m
[0;32mI (31) boot: compile time Oct  1 2023 19:10:42[0m
[0;32mI (33) boot: Multicore bootloader[0m
[0;32mI (37) boot: chip revision: v3.0[0m
[0;32mI (41) boot.esp32: SPI Speed      : 40MHz[0m
[0;32mI (45) boot.esp32: SPI Mode       : DIO[0m
[0;32mI (50) boot.esp32: SPI Flash Size : 2MB[0m
[0;32mI (54) boot: Enabling RNG early entropy source...[0m
[0;32mI (60) boot: Partition Table:[0m
[0;32mI (63) boot: ## Label            Usage          Type ST Offset   Length[0m
[0;32mI (71) boot:  0 nvs              WiFi data        01 02 00009000 00006000[0m
[0;32mI (78) boot:  1 phy_init         RF data          01 01 0000f000 00001000[0m
[0;32mI (86) boot:  2 factory          factory app      00 00 00010000 00100000[0m
[0;32mI (93) boot: End of partition table[0m
[0;32mI (97) esp_image: segment 0: paddr=00010020 vaddr=3f400020 size=206b0h (132784) map[0m
[0;32mI (154) esp_image: segment 1: paddr=000306d8 vaddr=3ffb0000 size=03720h ( 14112) load[0m
[0;32mI (160) esp_image: segment 2: paddr=00033e00 vaddr=40080000 size=0c218h ( 49688) load[0m
[0;32mI (180) esp_image: segment 3: paddr=00040020 vaddr=400d0020 size=800c0h (524480) map[0m
[0;32mI (370) esp_image: segment 4: paddr=000c00e8 vaddr=4008c218 size=09a04h ( 39428) load[0m
[0;32mI (398) boot: Loaded app from partition at offset 0x10000[0m
[0;32mI (398) boot: Disabling RNG early entropy source...[0m
[0;32mI (409) cpu_start: Multicore app[0m
[0;32mI (410) cpu_start: Pro cpu up.[0m
[0;32mI (410) cpu_start: Starting app cpu, entry point is 0x400811e0[0m
[0;32mI (397) cpu_start: App cpu up.[0m
[0;32mI (428) cpu_start: Pro cpu start user code[0m
[0;32mI (428) cpu_start: cpu freq: 160000000 Hz[0m
[0;32mI (428) cpu_start: Application information:[0m
[0;32mI (432) cpu_start: Project name:     ap_station[0m
[0;32mI (438) cpu_start: App version:      39314c7-dirty[0m
[0;32mI (443) cpu_start: Compile time:     Oct  1 2023 19:10:36[0m
[0;32mI (449) cpu_start: ELF file SHA256:  6c508067f...[0m
[0;32mI (455) cpu_start: ESP-IDF:          v5.2-dev-2756-g2bc1f2f574[0m
[0;32mI (461) cpu_start: Min chip rev:     v0.0[0m
[0;32mI (466) cpu_start: Max chip rev:     v3.99 [0m
[0;32mI (471) cpu_start: Chip rev:         v3.0[0m
[0;32mI (476) heap_init: Initializing. RAM available for dynamic allocation:[0m
[0;32mI (483) heap_init: At 3FFAE6E0 len 00001920 (6 KiB): DRAM[0m
[0;32mI (489) heap_init: At 3FFB77B0 len 00028850 (162 KiB): DRAM[0m
[0;32mI (495) heap_init: At 3FFE0440 len 00003AE0 (14 KiB): D/IRAM[0m
[0;32mI (501) heap_init: At 3FFE4350 len 0001BCB0 (111 KiB): D/IRAM[0m
[0;32mI (508) heap_init: At 40095C1C len 0000A3E4 (40 KiB): IRAM[0m
[0;32mI (515) spi_flash: detected chip: generic[0m
[0;32mI (518) spi_flash: flash io: dio[0m
[0;33mW (522) spi_flash: Detected size(4096k) larger than the size in the binary image header(2048k). Using the size in the binary image header.[0m
[0;32mI (536) app_start: Starting scheduler on CPU0[0m
[0;32mI (541) app_start: Starting scheduler on CPU1[0m
[0;32mI (541) main_task: Started on CPU0[0m
[0;32mI (551) main_task: Calling app_main()[0m
[0;32mI (591) wifi ap_station: ESP_WIFI_MODE_AP_STA[0m
ESP_ERROR_CHECK failed: esp_err_t 0x3001 (ESP_ERR_WIFI_NOT_INIT) at 0x400d5d52
file: "./main/ap_station_main.c" line 141
func: wifi_init_ap_sta
expression: esp_wifi_set_mode(WIFI_MODE_APSTA)

abort() was called at PC 0x40088ff7 on core 0


Backtrace: 0x400817e6:0x3ffb9740 0x40089001:0x3ffb9760 0x40090062:0x3ffb9780 0x40088ff7:0x3ffb97f0 0x400d5d52:0x3ffb9820 0x400d607f:0x3ffb9a90 0x4014dff3:0x3ffb9ab0 0x4008ba65:0x3ffb9ae0




ELF file SHA256: 6c508067f

Rebooting...
ets Jul 29 2019 12:21:46

rst:0xc (SW_CPU_RESET),boot:0x13 (SPI_FAST_FLASH_BOOT)
configsip: 0, SPIWP:0xee
clk_drv:0x00,q_drv:0x00,d_drv:0x00,cs0_drv:0x00,hd_drv:0x00,wp_drv:0x00
mode:DIO, clock div:2
load:0x3fff0030,len:7136
load:0x40078000,len:15780
ho 0 tail 12 room 4
load:0x40080400,len:4
load:0x40080404,len:3884
entry 0x40080650
[0;32mI (31) boot: ESP-IDF v5.2-dev-2756-g2bc1f2f574 2nd stage bootloader[0m
[0;32mI (31) boot: compile time Oct  1 2023 19:10:42[0m
[0;32mI (33) boot: Multicore bootloader[0m
[0;32mI (37) boot: chip revision: v3.0[0m
[0;32mI (41) boot.esp32: SPI Speed      : 40MHz[0m
[0;32mI (45) boot.esp32: SPI Mode       : DIO[0m
[0;32mI (50) boot.esp32: SPI Flash Size : 2MB[0m
[0;32mI (54) boot: Enabling RNG early entropy source...[0m
[0;32mI (60) boot: Partition Table:[0m
[0;32mI (63) boot: ## Label            Usage          Type ST Offset   Length[0m
[0;32mI (71) boot:  0 nvs              WiFi data        01 02 00009000 00006000[0m
[0;32mI (78) boot:  1 phy_init         RF data          01 01 0000f000 00001000[0m
[0;32mI (86) boot:  2 factory          factory app      00 00 00010000 00100000[0m
[0;32mI (93) boot: End of partition table[0m
[0;32mI (97) esp_image: segment 0: paddr=00010020 vaddr=3f400020 size=206b0h (132784) map[0m
[0;32mI (154) esp_image: segment 1: paddr=000306d8 vaddr=3ffb0000 size=03720h ( 14112) load[0m
[0;32mI (160) esp_image: segment 2: paddr=00033e00 vaddr=40080000 size=0c218h ( 49688) load[0m
[0;32mI (180) esp_image: segment 3: paddr=00040020 vaddr=400d0020 size=800c0h (524480) map[0m
[0;32mI (370) esp_image: segment 4: paddr=000c00e8 vaddr=4008c218 size=09a04h ( 39428) load[0m
[0;32mI (398) boot: Loaded app from partition at offset 0x10000[0m
[0;32mI (398) boot: Disabling RNG early entropy source...[0m
[0;32mI (409) cpu_start: Multicore app[0m
[0;32mI (410) cpu_start: Pro cpu up.[0m
[0;32mI (410) cpu_start: Starting app cpu, entry point is 0x400811e0[0m
[0;32mI (397) cpu_start: App cpu up.[0m
[0;32mI (428) cpu_start: Pro cpu start user code[0m
[0;32mI (428) cpu_start: cpu freq: 160000000 Hz[0m
[0;32mI (428) cpu_start: Application information:[0m
[0;32mI (432) cpu_start: Project name:     ap_station[0m
[0;32mI (438) cpu_start: App version:      39314c7-dirty[0m
[0;32mI (443) cpu_start: Compile time:     Oct  1 2023 19:10:36[0m
[0;32mI (449) cpu_start: ELF file SHA256:  6c508067f...[0m
[0;32mI (455) cpu_start: ESP-IDF:          v5.2-dev-2756-g2bc1f2f574[0m
[0;32mI (461) cpu_start: Min chip rev:     v0.0[0m
[0;32mI (466) cpu_start: Max chip rev:     v3.99 [0m
[0;32mI (471) cpu_start: Chip rev:         v3.0[0m
[0;32mI (476) heap_init: Initializing. RAM available for dynamic allocation:[0m
[0;32mI (483) heap_init: At 3FFAE6E0 len 00001920 (6 KiB): DRAM[0m
[0;32mI (489) heap_init: At 3FFB77B0 len 00028850 (162 KiB): DRAM[0m
[0;32mI (495) heap_init: At 3FFE0440 len 00003AE0 (14 KiB): D/IRAM[0m
[0;32mI (501) heap_init: At 3FFE4350 len 0001BCB0 (111 KiB): D/IRAM[0m
[0;32mI (508) heap_init: At 40095C1C len 0000A3E4 (40 KiB): IRAM[0m
[0;32mI (515) spi_flash: detected chip: generic[0m
[0;32mI (518) spi_flash: flash io: dio[0m
[0;33mW (522) spi_flash: Detected size(4096k) larger than the size in the binary image header(2048k). Using the size in the binary image header.[0m
[0;32mI (536) app_start: Starting scheduler on CPU0[0m
[0;32mI (541) app_start: Starting scheduler on CPU1[0m
[0;32mI (541) main_task: Started on CPU0[0m
[0;32mI (551) main_task: Calling app_main()[0m
[0;32mI (591) wifi ap_station: ESP_WIFI_MODE_AP_STA[0m
ESP_ERROR_CHECK failed: esp_err_t 0x3001 (ESP_ERR_WIFI_NOT_INIT) at 0x400d5d52
file: "./main/ap_station_main.c" line 141
func: wifi_init_ap_sta
expression: esp_wifi_set_mode(WIFI_MODE_APSTA)

abort() was called at PC 0x40088ff7 on core 0


Backtrace: 0x400817e6:0x3ffb9740 0x40089001:0x3ffb9760 0x40090062:0x3ffb9780 0x40088ff7:0x3ffb97f0 0x400d5d52:0x3ffb9820 0x400d607f:0x3ffb9a90 0x4014dff3:0x3ffb9ab0 0x4008ba65:0x3ffb9ae0




ELF file SHA256: 6c508067f

Rebooting...
ets Jul 29 2019 12:21:46

rst:0xc (SW_CPU_RESET),boot:0x13 (SPI_FAST_FLASH_BOOT)
configsip: 0, SPIWP:0xee
clk_drv:0x00,q_drv:0x00,d_drv:0x00,cs0_drv:0x00,hd_drv:0x00,wp_drv:0x00
mode:DIO, clock div:2
load:0x3fff0030,len:7136
load:0x40078000,len:15780
ho 0 tail 12 room 4
load:0x40080400,len:4
load:0x40080404,len:3884
entry 0x40080650
[0;32mI (31) boot: ESP-IDF v5.2-dev-2756-g2bc1f2f574 2nd stage bootloader[0m
[0;32mI (31) boot: compile time Oct  1 2023 19:10:42[0m
[0;32mI (33) boot: Multicore bootloader[0m
[0;32mI (37) boot: chip revision: v3.0[0m
[0;32mI (41) boot.esp32: SPI Speed      : 40MHz[0m
[0;32mI (45) boot.esp32: SPI Mode       : DIO[0m
[0;32mI (50) boot.esp32: SPI Flash Size : 2MB[0m
[0;32mI (54) boot: Enabling RNG early entropy source...[0m
[0;32mI (60) boot: Partition Table:[0m
[0;32mI (63) boot: ## Label            Usage          Type ST Offset   Length[0m
[0;32mI (71) boot:  0 nvs              WiFi data        01 02 00009000 00006000[0m
[0;32mI (78) boot:  1 phy_init         RF data          01 01 0000f000 00001000[0m
[0;32mI (86) boot:  2 factory          factory app      00 00 00010000 00100000[0m
[0;32mI (93) boot: End of partition table[0m
[0;32mI (97) esp_image: segment 0: paddr=00010020 vaddr=3f400020 size=206b0h (132784) map[0m
[0;32mI (154) esp_image: segment 1: paddr=000306d8 vaddr=3ffb0000 size=03720h ( 14112) load[0m
[0;32mI (160) esp_image: segment 2: paddr=00033e00 vaddr=40080000 size=0c218h ( 49688) load[0m
[0;32mI (180) esp_image: segment 3: paddr=00040020 vaddr=400d0020 size=800c0h (524480) map[0m
[0;32mI (370) esp_image: segment 4: paddr=000c00e8 vaddr=4008c218 size=09a04h ( 39428) load[0m
[0;32mI (398) boot: Loaded app from partition at offset 0x10000[0m
[0;32mI (398) boot: Disabling RNG early entropy source...[0m
[0;32mI (409) cpu_start: Multicore app[0m
[0;32mI (410) cpu_start: Pro cpu up.[0m
[0;32mI (410) cpu_start: Starting app cpu, entry point is 0x400811e0[0m
[0;32mI (397) cpu_start: App cpu up.[0m
[0;32mI (428) cpu_start: Pro cpu start user code[0m
[0;32mI (428) cpu_start: cpu freq: 160000000 Hz[0m
[0;32mI (428) cpu_start: Application information:[0m
[0;32mI (432) cpu_start: Project name:     ap_station[0m
[0;32mI (438) cpu_start: App version:      39314c7-dirty[0m
[0;32mI (443) cpu_start: Compile time:     Oct  1 2023 19:10:36[0m
[0;32mI (449) cpu_start: ELF file SHA256:  6c508067f...[0m
[0;32mI (455) cpu_start: ESP-IDF:          v5.2-dev-2756-g2bc1f2f574[0m
[0;32mI (461) cpu_start: Min chip rev:     v0.0[0m
[0;32mI (466) cpu_start: Max chip rev:     v3.99 [0m
[0;32mI (471) cpu_start: Chip rev:         v3.0[0m
[0;32mI (476) heap_init: Initializing. RAM available for dynamic allocation:[0m
[0;32mI (483) heap_init: At 3FFAE6E0 len 00001920 (6 KiB): DRAM[0m
[0;32mI (489) heap_init: At 3FFB77B0 len 00028850 (162 KiB): DRAM[0m
[0;32mI (495) heap_init: At 3FFE0440 len 00003AE0 (14 KiB): D/IRAM[0m
[0;32mI (501) heap_init: At 3FFE4350 len 0001BCB0 (111 KiB): D/IRAM[0m
[0;32mI (508) heap_init: At 40095C1C len 0000A3E4 (40 KiB): IRAM[0m
[0;32mI (515) spi_flash: detected chip: generic[0m
[0;32mI (518) spi_flash: flash io: dio[0m
[0;33mW (522) spi_flash: Detected size(4096k) larger than the size in the binary image header(2048k). Using the size in the binary image header.[0m
[0;32mI (536) app_start: Starting scheduler on CPU0[0m
[0;32mI (541) app_start: Starting scheduler on CPU1[0m
[0;32mI (541) main_task: Started on CPU0[0m
[0;32mI (551) main_task: Calling app_main()[0m
[0;32mI (591) wifi ap_station: ESP_WIFI_MODE_AP_STA[0m
ESP_ERROR_CHECK failed: esp_err_t 0x3001 (ESP_ERR_WIFI_NOT_INIT) at 0x400d5d52
file: "./main/ap_station_main.c" line 141
func: wifi_init_ap_sta
expression: esp_wifi_set_mode(WIFI_MODE_APSTA)

abort() was called at PC 0x40088ff7 on core 0


Backtrace: 0x400817e6:0x3ffb9740 0x40089001:0x3ffb9760 0x40090062:0x3ffb9780 0x40088ff7:0x3ffb97f0 0x400d5d52:0x3ffb9820 0x400d607f:0x3ffb9a90 0x4014dff3:0x3ffb9ab0 0x4008ba65:0x3ffb9ae0




ELF file SHA256: 6c508067f

Rebooting...
ets Jul 29 2019 12:21:46

rst:0xc (SW_CPU_RESET),boot:0x13 (SPI_FAST_FLASH_BOOT)
configsip: 0, SPIWP:0xee
clk_drv:0x00,q_drv:0x00,d_drv:0x00,cs0_drv:0x00,hd_drv:0x00,wp_drv:0x00
mode:DIO, clock div:2
load:0x3fff0030,len:7136
load:0x40078000,len:15780
ho 0 tail 12 room 4
load:0x40080400,len:4
load:0x40080404,len:3884
entry 0x40080650
[0;32mI (31) boot: ESP-IDF v5.2-dev-2756-g2bc1f2f574 2nd stage bootloader[0m
[0;32mI (31) boot: compile time Oct  1 2023 19:10:42[0m
[0;32mI (33) boot: Multicore bootloader[0m
[0;32mI (37) boot: chip revision: v3.0[0m
[0;32mI (41) boot.esp32: SPI Speed      : 40MHz[0m
[0;32mI (45) boot.esp32: SPI Mode       : DIO[0m
[0;32mI (50) boot.esp32: SPI Flash Size : 2MB[0m
[0;32mI (54) boot: Enabling RNG early entropy source...[0m
[0;32mI (60) boot: Partition Table:[0m
[0;32mI (63) boot: ## Label            Usage          Type ST Offset   Length[0m
[0;32mI (71) boot:  0 nvs              WiFi data        01 02 00009000 00006000[0m
[0;32mI (78) boot:  1 phy_init         RF data          01 01 0000f000 00001000[0m
[0;32mI (86) boot:  2 factory          factory app      00 00 00010000 00100000[0m
[0;32mI (93) boot: End of partition table[0m
[0;32mI (97) esp_image: segment 0: paddr=00010020 vaddr=3f400020 size=206b0h (132784) map[0m
[0;32mI (154) esp_image: segment 1: paddr=000306d8 vaddr=3ffb0000 size=03720h ( 14112) load[0m
[0;32mI (160) esp_image: segment 2: paddr=00033e00 vaddr=40080000 size=0c218h ( 49688) load[0m
[0;32mI (180) esp_image: segment 3: paddr=00040020 vaddr=400d0020 size=800c0h (524480) map[0m
[0;32mI (370) esp_image: segment 4: paddr=000c00e8 vaddr=4008c218 size=09a04h ( 39428) load[0m
[0;32mI (398) boot: Loaded app from partition at offset 0x10000[0m
[0;32mI (398) boot: Disabling RNG early entropy source...[0m
[0;32mI (409) cpu_start: Multicore app[0m
[0;32mI (410) cpu_start: Pro cpu up.[0m
[0;32mI (410) cpu_start: Starting app cpu, entry point is 0x400811e0[0m
[0;32mI (397) cpu_start: App cpu up.[0m
[0;32mI (428) cpu_start: Pro cpu start user code[0m
[0;32mI (428) cpu_start: cpu freq: 160000000 Hz[0m
[0;32mI (428) cpu_start: Application information:[0m
[0;32mI (432) cpu_start: Project name:     ap_station[0m
[0;32mI (438) cpu_start: App version:      39314c7-dirty[0m
[0;32mI (443) cpu_start: Compile time:     Oct  1 2023 19:10:36[0m
[0;32mI (449) cpu_start: ELF file SHA256:  6c508067f...[0m
[0;32mI (455) cpu_start: ESP-IDF:          v5.2-dev-2756-g2bc1f2f574[0m
[0;32mI (461) cpu_start: Min chip rev:     v0.0[0m
[0;32mI (466) cpu_start: Max chip rev:     v3.99 [0m
[0;32mI (471) cpu_start: Chip rev:         v3.0[0m
[0;32mI (476) heap_init: Initializing. RAM available for dynamic allocation:[0m
[0;32mI (483) heap_init: At 3FFAE6E0 len 00001920 (6 KiB): DRAM[0m
[0;32mI (489) heap_init: At 3FFB77B0 len 00028850 (162 KiB): DRAM[0m
[0;32mI (495) heap_init: At 3FFE0440 len 00003AE0 (14 KiB): D/IRAM[0m
[0;32mI (501) heap_init: At 3FFE4350 len 0001BCB0 (111 KiB): D/IRAM[0m
[0;32mI (508) heap_init: At 40095C1C len 0000A3E4 (40 KiB): IRAM[0m
[0;32mI (515) spi_flash: detected chip: generic[0m
[0;32mI (518) spi_flash: flash io: dio[0m
[0;33mW (522) spi_flash: Detected size(4096k) larger than the size in the binary image header(2048k). Using the size in the binary image header.[0m
[0;32mI (536) app_start: Starting scheduler on CPU0[0m
[0;32mI (541) app_start: Starting scheduler on CPU1[0m
[0;32mI (541) main_task: Started on CPU0[0m
[0;32mI (551) main_task: Calling app_main()[0m
[0;32mI (591) wifi ap_station: ESP_WIFI_MODE_AP_STA[0m
ESP_ERROR_CHECK failed: esp_err_t 0x3001 (ESP_ERR_WIFI_NOT_INIT) at 0x400d5d52
file: "./main/ap_station_main.c" line 141
func: wifi_init_ap_sta
expression: esp_wifi_set_mode(WIFI_MODE_APSTA)

abort() was called at PC 0x40088ff7 on core 0


Backtrace: 0x400817e6:0x3ffb9740 0x40089001:0x3ffb9760 0x40090062:0x3ffb9780 0x40088ff7:0x3ffb97f0 0x400d5d52:0x3ffb9820 0x400d607f:0x3ffb9a90 0x4014dff3:0x3ffb9ab0 0x4008ba65:0x3ffb9ae0




ELF file SHA256: 6c508067f

Rebooting...
ets Jul 29 2019 12:21:46

rst:0xc (SW_CPU_RESET),boot:0x13 (SPI_FAST_FLASH_BOOT)
configsip: 0, SPIWP:0xee
clk_drv:0x00,q_drv:0x00,d_drv:0x00,cs0_drv:0x00,hd_drv:0x00,wp_drv:0x00
mode:DIO, clock div:2
load:0x3fff0030,len:7136
load:0x40078000,len:15780
ho 0 tail 12 room 4
load:0x40080400,len:4
load:0x40080404,len:3884
entry 0x40080650
[0;32mI (31) boot: ESP-IDF v5.2-dev-2756-g2bc1f2f574 2nd stage bootloader[0m
[0;32mI (31) boot: compile time Oct  1 2023 19:10:42[0m
[0;32mI (33) boot: Multicore bootloader[0m
[0;32mI (37) boot: chip revision: v3.0[0m
[0;32mI (41) boot.esp32: SPI Speed      : 40MHz[0m
[0;32mI (45) boot.esp32: SPI Mode       : DIO[0m
[0;32mI (50) boot.esp32: SPI Flash Size : 2MB[0m
[0;32mI (54) boot: Enabling RNG early entropy source...[0m
[0;32mI (60) boot: Partition Table:[0m
[0;32mI (63) boot: ## Label            Usage          Type ST Offset   Length[0m
[0;32mI (71) boot:  0 nvs              WiFi data        01 02 00009000 00006000[0m
[0;32mI (78) boot:  1 phy_init         RF data          01 01 0000f000 00001000[0m
[0;32mI (86) boot:  2 factory          factory app      00 00 00010000 00100000[0m
[0;32mI (93) boot: End of partition table[0m
[0;32mI (97) esp_image: segment 0: paddr=00010020 vaddr=3f400020 size=206b0h (132784) map[0m
[0;32mI (154) esp_image: segment 1: paddr=000306d8 vaddr=3ffb0000 size=03720h ( 14112) load[0m
[0;32mI (160) esp_image: segment 2: paddr=00033e00 vaddr=40080000 size=0c218h ( 49688) load[0m
[0;32mI (180) esp_image: segment 3: paddr=00040020 vaddr=400d0020 size=800c0h (524480) map[0m
[0;32mI (370) esp_image: segment 4: paddr=000c00e8 vaddr=4008c218 size=09a04h ( 39428) load[0m
[0;32mI (398) boot: Loaded app from partition at offset 0x10000[0m
[0;32mI (398) boot: Disabling RNG early entropy source...[0m
[0;32mI (409) cpu_start: Multicore app[0m
[0;32mI (410) cpu_start: Pro cpu up.[0m
[0;32mI (410) cpu_start: Starting app cpu, entry point is 0x400811e0[0m
[0;32mI (397) cpu_start: App cpu up.[0m
[0;32mI (428) cpu_start: Pro cpu start user code[0m
[0;32mI (428) cpu_start: cpu freq: 160000000 Hz[0m
[0;32mI (428) cpu_start: Application information:[0m
[0;32mI (432) cpu_start: Project name:     ap_station[0m
[0;32mI (438) cpu_start: App version:      39314c7-dirty[0m
[0;32mI (443) cpu_start: Compile time:     Oct  1 2023 19:10:36[0m
[0;32mI (449) cpu_start: ELF file SHA256:  6c508067f...[0m
[0;32mI (455) cpu_start: ESP-IDF:          v5.2-dev-2756-g2bc1f2f574[0m
[0;32mI (461) cpu_start: Min chip rev:     v0.0[0m
[0;32mI (466) cpu_start: Max chip rev:     v3.99 [0m
[0;32mI (471) cpu_start: Chip rev:         v3.0[0m
[0;32mI (476) heap_init: Initializing. RAM available for dynamic allocation:[0m
[0;32mI (483) heap_init: At 3FFAE6E0 len 00001920 (6 KiB): DRAM[0m
[0;32mI (489) heap_init: At 3FFB77B0 len 00028850 (162 KiB): DRAM[0m
[0;32mI (495) heap_init: At 3FFE0440 len 00003AE0 (14 KiB): D/IRAM[0m
[0;32mI (501) heap_init: At 3FFE4350 len 0001BCB0 (111 KiB): D/IRAM[0m
[0;32mI (508) heap_init: At 40095C1C len 0000A3E4 (40 KiB): IRAM[0m
[0;32mI (515) spi_flash: detected chip: generic[0m
[0;32mI (518) spi_flash: flash io: dio[0m
[0;33mW (522) spi_flash: Detected size(4096k) larger than the size in the binary image header(2048k). Using the size in the binary image header.[0m
[0;32mI (536) app_start: Starting scheduler on CPU0[0m
[0;32mI (541) app_start: Starting scheduler on CPU1[0m
[0;32mI (541) main_task: Started on CPU0[0m
[0;32mI (551) main_task: Calling app_main()[0m
[0;32mI (591) wifi ap_station: ESP_WIFI_MODE_AP_STA[0m
ESP_ERROR_CHECK failed: esp_err_t 0x3001 (ESP_ERR_WIFI_NOT_INIT) at 0x400d5d52
file: "./main/ap_station_main.c" line 141
func: wifi_init_ap_sta
expression: esp_wifi_set_mode(WIFI_MODE_APSTA)

abort() was called at PC 0x40088ff7 on core 0


Backtrace: 0x400817e6:0x3ffb9740 0x40089001:0x3ffb9760 0x40090062:0x3ffb9780 0x40088ff7:0x3ffb97f0 0x400d5d52:0x3ffb9820 0x400d607f:0x3ffb9a90 0x4014dff3:0x3ffb9ab0 0x4008ba65:0x3ffb9ae0




ELF file SHA256: 6c508067f

Rebooting...
ets Jul 29 2019 12:21:46

rst:0xc (SW_CPU_RESET),boot:0x13 (SPI_FAST_FLASH_BOOT)
configsip: 0, SPIWP:0xee
clk_drv:0x00,q_drv:0x00,d_drv:0x00,cs0_drv:0x00,hd_drv:0x00,wp_drv:0x00
mode:DIO, clock div:2
load:0x3fff0030,len:7136
load:0x40078000,len:15780
ho 0 tail 12 room 4
load:0x40080400,len:4
load:0x40080404,len:3884
entry 0x40080650
[0;32mI (31) boot: ESP-IDF v5.2-dev-2756-g2bc1f2f574 2nd stage bootloader[0m
[0;32mI (31) boot: compile time Oct  1 2023 19:10:42[0m
[0;32mI (33) boot: Multicore bootloader[0m
[0;32mI (37) boot: chip revision: v3.0[0m
[0;32mI (41) boot.esp32: SPI Speed      : 40MHz[0m
[0;32mI (45) boot.esp32: SPI Mode       : DIO[0m
[0;32mI (50) boot.esp32: SPI Flash Size : 2MB[0m
[0;32mI (54) boot: Enabling RNG early entropy source...[0m
[0;32mI (60) boot: Partition Table:[0m
[0;32mI (63) boot: ## Label            Usage          Type ST Offset   Length[0m
[0;32mI (71) boot:  0 nvs              WiFi data        01 02 00009000 00006000[0m
[0;32mI (78) boot:  1 phy_init         RF data          01 01 0000f000 00001000[0m
[0;32mI (86) boot:  2 factory          factory app      00 00 00010000 00100000[0m
[0;32mI (93) boot: End of partition table[0m
[0;32mI (97) esp_image: segment 0: paddr=00010020 vaddr=3f400020 size=206b0h (132784) map[0m
[0;32mI (154) esp_image: segment 1: paddr=000306d8 vaddr=3ffb0000 size=03720h ( 14112) load[0m
[0;32mI (160) esp_image: segment 2: paddr=00033e00 vaddr=40080000 size=0c218h ( 49688) load[0m
[0;32mI (180) esp_image: segment 3: paddr=00040020 vaddr=400d0020 size=800c0h (524480) map[0m
[0;32mI (370) esp_image: segment 4: paddr=000c00e8 vaddr=4008c218 size=09a04h ( 39428) load[0m
[0;32mI (398) boot: Loaded app from partition at offset 0x10000[0m
[0;32mI (398) boot: Disabling RNG early entropy source...[0m
[0;32mI (409) cpu_start: Multicore app[0m
[0;32mI (410) cpu_start: Pro cpu up.[0m
[0;32mI (410) cpu_start: Starting app cpu, entry point is 0x400811e0[0m
[0;32mI (397) cpu_start: App cpu up.[0m
[0;32mI (428) cpu_start: Pro cpu start user code[0m
[0;32mI (428) cpu_start: cpu freq: 160000000 Hz[0m
[0;32mI (428) cpu_start: Application information:[0m
[0;32mI (432) cpu_start: Project name:     ap_station[0m
[0;32mI (438) cpu_start: App version:      39314c7-dirty[0m
[0;32mI (443) cpu_start: Compile time:     Oct  1 2023 19:10:36[0m
[0;32mI (449) cpu_start: ELF file SHA256:  6c508067f...[0m
[0;32mI (455) cpu_start: ESP-IDF:          v5.2-dev-2756-g2bc1f2f574[0m
[0;32mI (461) cpu_start: Min chip rev:     v0.0[0m
[0;32mI (466) cpu_start: Max chip rev:     v3.99 [0m
[0;32mI (471) cpu_start: Chip rev:         v3.0[0m
[0;32mI (476) heap_init: Initializing. RAM available for dynamic allocation:[0m
[0;32mI (483) heap_init: At 3FFAE6E0 len 00001920 (6 KiB): DRAM[0m
[0;32mI (489) heap_init: At 3FFB77B0 len 00028850 (162 KiB): DRAM[0m
[0;32mI (495) heap_init: At 3FFE0440 len 00003AE0 (14 KiB): D/IRAM[0m
[0;32mI (501) heap_init: At 3FFE4350 len 0001BCB0 (111 KiB): D/IRAM[0m
[0;32mI (508) heap_init: At 40095C1C len 0000A3E4 (40 KiB): IRAM[0m
[0;32mI (515) spi_flash: detected chip: generic[0m
[0;32mI (518) spi_flash: flash io: dio[0m
[0;33mW (522) spi_flash: Detected size(4096k) larger than the size in the binary image header(2048k). Using the size in the binary image header.[0m
[0;32mI (536) app_start: Starting scheduler on CPU0[0m
[0;32mI (541) app_start: Starting scheduler on CPU1[0m
[0;32mI (541) main_task: Started on CPU0[0m
[0;32mI (551) main_task: Calling app_main()[0m
[0;32mI (591) wifi ap_station: ESP_WIFI_MODE_AP_STA[0m
ESP_ERROR_CHECK failed: esp_err_t 0x3001 (ESP_ERR_WIFI_NOT_INIT) at 0x400d5d52
file: "./main/ap_station_main.c" line 141
func: wifi_init_ap_sta
expression: esp_wifi_set_mode(WIFI_MODE_APSTA)

abort() was called at PC 0x40088ff7 on core 0


Backtrace: 0x400817e6:0x3ffb9740 0x40089001:0x3ffb9760 0x40090062:0x3ffb9780 0x40088ff7:0x3ffb97f0 0x400d5d52:0x3ffb9820 0x400d607f:0x3ffb9a90 0x4014dff3:0x3ffb9ab0 0x4008ba65:0x3ffb9ae0




ELF file SHA256: 6c508067f

Rebooting...
ets Jul 29 2019 12:21:46

rst:0xc (SW_CPU_RESET),boot:0x13 (SPI_FAST_FLASH_BOOT)
configsip: 0, SPIWP:0xee
clk_drv:0x00,q_drv:0x00,d_drv:0x00,cs0_drv:0x00,hd_drv:0x00,wp_drv:0x00
mode:DIO, clock div:2
load:0x3fff0030,len:7136
load:0x40078000,len:15780
ho 0 tail 12 room 4
load:0x40080400,len:4
load:0x40080404,len:3884
entry 0x40080650
[0;32mI (31) boot: ESP-IDF v5.2-dev-2756-g2bc1f2f574 2nd stage bootloader[0m
[0;32mI (31) boot: compile time Oct  1 2023 19:10:42[0m
[0;32mI (33) boot: Multicore bootloader[0m
[0;32mI (37) boot: chip revision: v3.0[0m
[0;32mI (41) boot.esp32: SPI Speed      : 40MHz[0m
[0;32mI (45) boot.esp32: SPI Mode       : DIO[0m
[0;32mI (50) boot.esp32: SPI Flash Size : 2MB[0m
[0;32mI (54) boot: Enabling RNG early entropy source...[0m
[0;32mI (60) boot: Partition Table:[0m
[0;32mI (63) boot: ## Label            Usage          Type ST Offset   Length[0m
[0;32mI (71) boot:  0 nvs              WiFi data        01 02 00009000 00006000[0m
[0;32mI (78) boot:  1 phy_init         RF data          01 01 0000f000 00001000[0m
[0;32mI (86) boot:  2 factory          factory app      00 00 00010000 00100000[0m
[0;32mI (93) boot: End of partition table[0m
[0;32mI (97) esp_image: segment 0: paddr=00010020 vaddr=3f400020 size=206b0h (132784) map[0m
[0;32mI (154) esp_image: segment 1: paddr=000306d8 vaddr=3ffb0000 size=03720h ( 14112) load[0m
[0;32mI (160) esp_image: segment 2: paddr=00033e00 vaddr=40080000 size=0c218h ( 49688) load[0m
[0;32mI (180) esp_image: segment 3: paddr=00040020 vaddr=400d0020 size=800c0h (524480) map[0m
[0;32mI (370) esp_image: segment 4: paddr=000c00e8 vaddr=4008c218 size=09a04h ( 39428) load[0m
[0;32mI (398) boot: Loaded app from partition at offset 0x10000[0m
[0;32mI (398) boot: Disabling RNG early entropy source...[0m
[0;32mI (409) cpu_start: Multicore app[0m
[0;32mI (410) cpu_start: Pro cpu up.[0m
[0;32mI (410) cpu_start: Starting app cpu, entry point is 0x400811e0[0m
[0;32mI (397) cpu_start: App cpu up.[0m
[0;32mI (428) cpu_start: Pro cpu start user code[0m
[0;32mI (428) cpu_start: cpu freq: 160000000 Hz[0m
[0;32mI (428) cpu_start: Application information:[0m
[0;32mI (432) cpu_start: Project name:     ap_station[0m
[0;32mI (438) cpu_start: App version:      39314c7-dirty[0m
[0;32mI (443) cpu_start: Compile time:     Oct  1 2023 19:10:36[0m
[0;32mI (449) cpu_start: ELF file SHA256:  6c508067f...[0m
[0;32mI (455) cpu_start: ESP-IDF:          v5.2-dev-2756-g2bc1f2f574[0m
[0;32mI (461) cpu_start: Min chip rev:     v0.0[0m
[0;32mI (466) cpu_start: Max chip rev:     v3.99 [0m
[0;32mI (471) cpu_start: Chip rev:         v3.0[0m
[0;32mI (476) heap_init: Initializing. RAM available for dynamic allocation:[0m
[0;32mI (483) heap_init: At 3FFAE6E0 len 00001920 (6 KiB): DRAM[0m
[0;32mI (489) heap_init: At 3FFB77B0 len 00028850 (162 KiB): DRAM[0m
[0;32mI (495) heap_init: At 3FFE0440 len 00003AE0 (14 KiB): D/IRAM[0m
[0;32mI (501) heap_init: At 3FFE4350 len 0001BCB0 (111 KiB): D/IRAM[0m
[0;32mI (508) heap_init: At 40095C1C len 0000A3E4 (40 KiB): IRAM[0m
[0;32mI (515) spi_flash: detected chip: generic[0m
[0;32mI (518) spi_flash: flash io: dio[0m
[0;33mW (522) spi_flash: Detected size(4096k) larger than the size in the binary image header(2048k). Using the size in the binary image header.[0m
[0;32mI (536) app_start: Starting scheduler on CPU0[0m
[0;32mI (541) app_start: Starting scheduler on CPU1[0m
[0;32mI (541) main_task: Started on CPU0[0m
[0;32mI (551) main_task: Calling app_main()[0m
[0;32mI (591) wifi ap_station: ESP_WIFI_MODE_AP_STA[0m
ESP_ERROR_CHECK failed: esp_err_t 0x3001 (ESP_ERR_WIFI_NOT_INIT) at 0x400d5d52
file: "./main/ap_station_main.c" line 141
func: wifi_init_ap_sta
expression: esp_wifi_set_mode(WIFI_MODE_APSTA)

abort() was called at PC 0x40088ff7 on core 0


Backtrace: 0x400817e6:0x3ffb9740 0x40089001:0x3ffb9760 0x40090062:0x3ffb9780 0x40088ff7:0x3ffb97f0 0x400d5d52:0x3ffb9820 0x400d607f:0x3ffb9a90 0x4014dff3:0x3ffb9ab0 0x4008ba65:0x3ffb9ae0




ELF file SHA256: 6c508067f

Rebooting...
ets Jul 29 2019 12:21:46

rst:0xc (SW_CPU_RESET),boot:0x13 (SPI_FAST_FLASH_BOOT)
configsip: 0, SPIWP:0xee
clk_drv:0x00,q_drv:0x00,d_drv:0x00,cs0_drv:0x00,hd_drv:0x00,wp_drv:0x00
mode:DIO, clock div:2
load:0x3fff0030,len:7136
load:0x40078000,len:15780
ho 0 tail 12 room 4
load:0x40080400,len:4
load:0x40080404,len:3884
entry 0x40080650
[0;32mI (31) boot: ESP-IDF v5.2-dev-2756-g2bc1f2f574 2nd stage bootloader[0m
[0;32mI (31) boot: compile time Oct  1 2023 19:10:42[0m
[0;32mI (33) boot: Multicore bootloader[0m
[0;32mI (37) boot: chip revision: v3.0[0m
[0;32mI (41) boot.esp32: SPI Speed      : 40MHz[0m
[0;32mI (45) boot.esp32: SPI Mode       : DIO[0m
[0;32mI (50) boot.esp32: SPI Flash Size : 2MB[0m
[0;32mI (54) boot: Enabling RNG early entropy source...[0m
[0;32mI (60) boot: Partition Table:[0m
[0;32mI (63) boot: ## Label            Usage          Type ST Offset   Length[0m
[0;32mI (71) boot:  0 nvs              WiFi data        01 02 00009000 00006000[0m
[0;32mI (78) boot:  1 phy_init         RF data          01 01 0000f000 00001000[0m
[0;32mI (86) boot:  2 factory          factory app      00 00 00010000 00100000[0m
[0;32mI (93) boot: End of partition table[0m
[0;32mI (97) esp_image: segment 0: paddr=00010020 vaddr=3f400020 size=206b0h (132784) map[0m
[0;32mI (154) esp_image: segment 1: paddr=000306d8 vaddr=3ffb0000 size=03720h ( 14112) load[0m
[0;32mI (160) esp_image: segment 2: paddr=00033e00 vaddr=40080000 size=0c218h ( 49688) load[0m
[0;32mI (180) esp_image: segment 3: paddr=00040020 vaddr=400d0020 size=800c0h (524480) map[0m
[0;32mI (370) esp_image: segment 4: paddr=000c00e8 vaddr=4008c218 size=09a04h ( 39428) load[0m
[0;32mI (398) boot: Loaded app from partition at offset 0x10000[0m
[0;32mI (398) boot: Disabling RNG early entropy source...[0m
[0;32mI (409) cpu_start: Multicore app[0m
[0;32mI (410) cpu_start: Pro cpu up.[0m
[0;32mI (410) cpu_start: Starting app cpu, entry point is 0x400811e0[0m
[0;32mI (397) cpu_start: App cpu up.[0m
[0;32mI (428) cpu_start: Pro cpu start user code[0m
[0;32mI (428) cpu_start: cpu freq: 160000000 Hz[0m
[0;32mI (428) cpu_start: Application information:[0m
[0;32mI (432) cpu_start: Project name:     ap_station[0m
[0;32mI (438) cpu_start: App version:      39314c7-dirty[0m
[0;32mI (443) cpu_start: Compile time:     Oct  1 2023 19:10:36[0m
[0;32mI (449) cpu_start: ELF file SHA256:  6c508067f...[0m
[0;32mI (455) cpu_start: ESP-IDF:          v5.2-dev-2756-g2bc1f2f574[0m
[0;32mI (461) cpu_start: Min chip rev:     v0.0[0m
[0;32mI (466) cpu_start: Max chip rev:     v3.99 [0m
[0;32mI (471) cpu_start: Chip rev:         v3.0[0m
[0;32mI (476) heap_init: Initializing. RAM available for dynamic allocation:[0m
[0;32mI (483) heap_init: At 3FFAE6E0 len 00001920 (6 KiB): DRAM[0m
[0;32mI (489) heap_init: At 3FFB77B0 len 00028850 (162 KiB): DRAM[0m
[0;32mI (495) heap_init: At 3FFE0440 len 00003AE0 (14 KiB): D/IRAM[0m
[0;32mI (501) heap_init: At 3FFE4350 len 0001BCB0 (111 KiB): D/IRAM[0m
[0;32mI (508) heap_init: At 40095C1C len 0000A3E4 (40 KiB): IRAM[0m
[0;32mI (515) spi_flash: detected chip: generic[0m
[0;32mI (518) spi_flash: flash io: dio[0m
[0;33mW (522) spi_flash: Detected size(4096k) larger than the size in the binary image header(2048k). Using the size in the binary image header.[0m
[0;32mI (536) app_start: Starting scheduler on CPU0[0m
[0;32mI (541) app_start: Starting scheduler on CPU1[0m
[0;32mI (541) main_task: Started on CPU0[0m
[0;32mI (551) main_task: Calling app_main()[0m
[0;32mI (591) wifi ap_station: ESP_WIFI_MODE_AP_STA[0m
ESP_ERROR_CHECK failed: esp_err_t 0x3001 (ESP_ERR_WIFI_NOT_INIT) at 0x400d5d52
file: "./main/ap_station_main.c" line 141
func: wifi_init_ap_sta
expression: esp_wifi_set_mode(WIFI_MODE_APSTA)

abort() was called at PC 0x40088ff7 on core 0


Backtrace: 0x400817e6:0x3ffb9740 0x40089001:0x3ffb9760 0x40090062:0x3ffb9780 0x40088ff7:0x3ffb97f0 0x400d5d52:0x3ffb9820 0x400d607f:0x3ffb9a90 0x4014dff3:0x3ffb9ab0 0x4008ba65:0x3ffb9ae0




ELF file SHA256: 6c508067f

Rebooting...
ets Jul 29 2019 12:21:46

rst:0xc (SW_CPU_RESET),boot:0x13 (SPI_FAST_FLASH_BOOT)
configsip: 0, SPIWP:0xee
clk_drv:0x00,q_drv:0x00,d_drv:0x00,cs0_drv:0x00,hd_drv:0x00,wp_drv:0x00
mode:DIO, clock div:2
load:0x3fff0030,len:7136
load:0x40078000,len:15780
ho 0 tail 12 room 4
load:0x40080400,len:4
load:0x40080404,len:3884
entry 0x40080650
[0;32mI (31) boot: ESP-IDF v5.2-dev-2756-g2bc1f2f574 2nd stage bootloader[0m
[0;32mI (31) boot: compile time Oct  1 2023 19:10:42[0m
[0;32mI (33) boot: Multicore bootloader[0m
[0;32mI (37) boot: chip revision: v3.0[0m
[0;32mI (41) boot.esp32: SPI Speed      : 40MHz[0m
[0;32mI (45) boot.esp32: SPI Mode       : DIO[0m
[0;32mI (50) boot.esp32: SPI Flash Size : 2MB[0m
[0;32mI (54) boot: Enabling RNG early entropy source...[0m
[0;32mI (60) boot: Partition Table:[0m
[0;32mI (63) boot: ## Label            Usage          Type ST Offset   Length[0m
[0;32mI (71) boot:  0 nvs              WiFi data        01 02 00009000 00006000[0m
[0;32mI (78) boot:  1 phy_init         RF data          01 01 0000f000 00001000[0m
[0;32mI (86) boot:  2 factory          factory app      00 00 00010000 00100000[0m
[0;32mI (93) boot: End of partition table[0m
[0;32mI (97) esp_image: segment 0: paddr=00010020 vaddr=3f400020 size=206b0h (132784) map[0m
[0;32mI (154) esp_image: segment 1: paddr=000306d8 vaddr=3ffb0000 size=03720h ( 14112) load[0m
[0;32mI (160) esp_image: segment 2: paddr=00033e00 vaddr=40080000 size=0c218h ( 49688) load[0m
[0;32mI (180) esp_image: segment 3: paddr=00040020 vaddr=400d0020 size=800c0h (524480) map[0m
[0;32mI (370) esp_image: segment 4: paddr=000c00e8 vaddr=4008c218 size=09a04h ( 39428) load[0m
[0;32mI (398) boot: Loaded app from partition at offset 0x10000[0m
[0;32mI (398) boot: Disabling RNG early entropy source...[0m
[0;32mI (409) cpu_start: Multicore app[0m
[0;32mI (410) cpu_start: Pro cpu up.[0m
[0;32mI (410) cpu_start: Starting app cpu, entry point is 0x400811e0[0m
[0;32mI (397) cpu_start: App cpu up.[0m
[0;32mI (428) cpu_start: Pro cpu start user code[0m
[0;32mI (428) cpu_start: cpu freq: 160000000 Hz[0m
[0;32mI (428) cpu_start: Application information:[0m
[0;32mI (432) cpu_start: Project name:     ap_station[0m
[0;32mI (438) cpu_start: App version:      39314c7-dirty[0m
[0;32mI (443) cpu_start: Compile time:     Oct  1 2023 19:10:36[0m
[0;32mI (449) cpu_start: ELF file SHA256:  6c508067f...[0m
[0;32mI (455) cpu_start: ESP-IDF:          v5.2-dev-2756-g2bc1f2f574[0m
[0;32mI (461) cpu_start: Min chip rev:     v0.0[0m
[0;32mI (466) cpu_start: Max chip rev:     v3.99 [0m
[0;32mI (471) cpu_start: Chip rev:         v3.0[0m
[0;32mI (476) heap_init: Initializing. RAM available for dynamic allocation:[0m
[0;32mI (483) heap_init: At 3FFAE6E0 len 00001920 (6 KiB): DRAM[0m
[0;32mI (489) heap_init: At 3FFB77B0 len 00028850 (162 KiB): DRAM[0m
[0;32mI (495) heap_init: At 3FFE0440 len 00003AE0 (14 KiB): D/IRAM[0m
[0;32mI (501) heap_init: At 3FFE4350 len 0001BCB0 (111 KiB): D/IRAM[0m
[0;32mI (508) heap_init: At 40095C1C len 0000A3E4 (40 KiB): IRAM[0m
[0;32mI (515) spi_flash: detected chip: generic[0m
[0;32mI (518) spi_flash: flash io: dio[0m
[0;33mW (522) spi_flash: Detected size(4096k) larger than the size in the binary image header(2048k). Using the size in the binary image header.[0m
[0;32mI (536) app_start: Starting scheduler on CPU0[0m
[0;32mI (541) app_start: Starting scheduler on CPU1[0m
[0;32mI (541) main_task: Started on CPU0[0m
[0;32mI (551) main_task: Calling app_main()[0m
[0;32mI (591) wifi ap_station: ESP_WIFI_MODE_AP_STA[0m
ESP_ERROR_CHECK failed: esp_err_t 0x3001 (ESP_ERR_WIFI_NOT_INIT) at 0x400d5d52
file: "./main/ap_station_main.c" line 141
func: wifi_init_ap_sta
expression: esp_wifi_set_mode(WIFI_MODE_APSTA)

abort() was called at PC 0x40088ff7 on core 0


Backtrace: 0x400817e6:0x3ffb9740 0x40089001:0x3ffb9760 0x40090062:0x3ffb9780 0x40088ff7:0x3ffb97f0 0x400d5d52:0x3ffb9820 0x400d607f:0x3ffb9a90 0x4014dff3:0x3ffb9ab0 0x4008ba65:0x3ffb9ae0




ELF file SHA256: 6c508067f

Rebooting...
ets Jul 29 2019 12:21:46

rst:0xc (SW_CPU_RESET),boot:0x13 (SPI_FAST_FLASH_BOOT)
configsip: 0, SPIWP:0xee
clk_drv:0x00,q_drv:0x00,d_drv:0x00,cs0_drv:0x00,hd_drv:0x00,wp_drv:0x00
mode:DIO, clock div:2
load:0x3fff0030,len:7136
load:0x40078000,len:15780
ho 0 tail 12 room 4
load:0x40080400,len:4
load:0x40080404,len:3884
entry 0x40080650
[0;32mI (31) boot: ESP-IDF v5.2-dev-2756-g2bc1f2f574 2nd stage bootloader[0m
[0;32mI (31) boot: compile time Oct  1 2023 19:10:42[0m
[0;32mI (33) boot: Multicore bootloader[0m
[0;32mI (37) boot: chip revision: v3.0[0m
[0;32mI (41) boot.esp32: SPI Speed      : 40MHz[0m
[0;32mI (45) boot.esp32: SPI Mode       : DIO[0m
[0;32mI (50) boot.esp32: SPI Flash Size : 2MB[0m
[0;32mI (54) boot: Enabling RNG early entropy source...[0m
[0;32mI (60) boot: Partition Table:[0m
[0;32mI (63) boot: ## Label            Usage          Type ST Offset   Length[0m
[0;32mI (71) boot:  0 nvs              WiFi data        01 02 00009000 00006000[0m
[0;32mI (78) boot:  1 phy_init         RF data          01 01 0000f000 00001000[0m
[0;32mI (86) boot:  2 factory          factory app      00 00 00010000 00100000[0m
[0;32mI (93) boot: End of partition table[0m
[0;32mI (97) esp_image: segment 0: paddr=00010020 vaddr=3f400020 size=206b0h (132784) map[0m
[0;32mI (154) esp_image: segment 1: paddr=000306d8 vaddr=3ffb0000 size=03720h ( 14112) load[0m
[0;32mI (160) esp_image: segment 2: paddr=00033e00 vaddr=40080000 size=0c218h ( 49688) load[0m
[0;32mI (180) esp_image: segment 3: paddr=00040020 vaddr=400d0020 size=800c0h (524480) map[0m
[0;32mI (370) esp_image: segment 4: paddr=000c00e8 vaddr=4008c218 size=09a04h ( 39428) load[0m
[0;32mI (398) boot: Loaded app from partition at offset 0x10000[0m
[0;32mI (398) boot: Disabling RNG early entropy source...[0m
[0;32mI (409) cpu_start: Multicore app[0m
[0;32mI (410) cpu_start: Pro cpu up.[0m
[0;32mI (410) cpu_start: Starting app cpu, entry point is 0x400811e0[0m
[0;32mI (397) cpu_start: App cpu up.[0m
[0;32mI (428) cpu_start: Pro cpu start user code[0m
[0;32mI (428) cpu_start: cpu freq: 160000000 Hz[0m
[0;32mI (428) cpu_start: Application information:[0m
[0;32mI (432) cpu_start: Project name:     ap_station[0m
[0;32mI (438) cpu_start: App version:      39314c7-dirty[0m
[0;32mI (443) cpu_start: Compile time:     Oct  1 2023 19:10:36[0m
[0;32mI (449) cpu_start: ELF file SHA256:  6c508067f...[0m
[0;32mI (455) cpu_start: ESP-IDF:          v5.2-dev-2756-g2bc1f2f574[0m
[0;32mI (461) cpu_start: Min chip rev:     v0.0[0m
[0;32mI (466) cpu_start: Max chip rev:     v3.99 [0m
[0;32mI (471) cpu_start: Chip rev:         v3.0[0m
[0;32mI (476) heap_init: Initializing. RAM available for dynamic allocation:[0m
[0;32mI (483) heap_init: At 3FFAE6E0 len 00001920 (6 KiB): DRAM[0m
[0;32mI (489) heap_init: At 3FFB77B0 len 00028850 (162 KiB): DRAM[0m
[0;32mI (495) heap_init: At 3FFE0440 len 00003AE0 (14 KiB): D/IRAM[0m
[0;32mI (501) heap_init: At 3FFE4350 len 0001BCB0 (111 KiB): D/IRAM[0m
[0;32mI (508) heap_init: At 40095C1C len 0000A3E4 (40 KiB): IRAM[0m
[0;32mI (515) spi_flash: detected chip: generic[0m
[0;32mI (518) spi_flash: flash io: dio[0m
[0;33mW (522) spi_flash: Detected size(4096k) larger than the size in the binary image header(2048k). Using the size in the binary image header.[0m
[0;32mI (536) app_start: Starting scheduler on CPU0[0m
[0;32mI (541) app_start: Starting scheduler on CPU1[0m
[0;32mI (541) main_task: Started on CPU0[0m
[0;32mI (551) main_task: Calling app_main()[0m
[0;32mI (591) wifi ap_station: ESP_WIFI_MODE_AP_STA[0m
ESP_ERROR_CHECK failed: esp_err_t 0x3001 (ESP_ERR_WIFI_NOT_INIT) at 0x400d5d52
file: "./main/ap_station_main.c" line 141
func: wifi_init_ap_sta
expression: esp_wifi_set_mode(WIFI_MODE_APSTA)

abort() was called at PC 0x40088ff7 on core 0


Backtrace: 0x400817e6:0x3ffb9740 0x40089001:0x3ffb9760 0x40090062:0x3ffb9780 0x40088ff7:0x3ffb97f0 0x400d5d52:0x3ffb9820 0x400d607f:0x3ffb9a90 0x4014dff3:0x3ffb9ab0 0x4008ba65:0x3ffb9ae0




ELF file SHA256: 6c508067f

Rebooting...
ets Jul 29 2019 12:21:46

rst:0xc (SW_CPU_RESET),boot:0x13 (SPI_FAST_FLASH_BOOT)
configsip: 0, SPIWP:0xee
clk_drv:0x00,q_drv:0x00,d_drv:0x00,cs0_drv:0x00,hd_drv:0x00,wp_drv:0x00
mode:DIO, clock div:2
load:0x3fff0030,len:7136
load:0x40078000,len:15780
ho 0 tail 12 room 4
load:0x40080400,len:4
load:0x40080404,len:3884
entry 0x40080650
[0;32mI (31) boot: ESP-IDF v5.2-dev-2756-g2bc1f2f574 2nd stage bootloader[0m
[0;32mI (31) boot: compile time Oct  1 2023 19:10:42[0m
[0;32mI (33) boot: Multicore bootloader[0m
[0;32mI (37) boot: chip revision: v3.0[0m
[0;32mI (41) boot.esp32: SPI Speed      : 40MHz[0m
[0;32mI (45) boot.esp32: SPI Mode       : DIO[0m
[0;32mI (50) boot.esp32: SPI Flash Size : 2MB[0m
[0;32mI (54) boot: Enabling RNG early entropy source...[0m
[0;32mI (60) boot: Partition Table:[0m
[0;32mI (63) boot: ## Label            Usage          Type ST Offset   Length[0m
[0;32mI (71) boot:  0 nvs              WiFi data        01 02 00009000 00006000[0m
[0;32mI (78) boot:  1 phy_init         RF data          01 01 0000f000 00001000[0m
[0;32mI (86) boot:  2 factory          factory app      00 00 00010000 00100000[0m
[0;32mI (93) boot: End of partition table[0m
[0;32mI (97) esp_image: segment 0: paddr=00010020 vaddr=3f400020 size=206b0h (132784) map[0m
[0;32mI (154) esp_image: segment 1: paddr=000306d8 vaddr=3ffb0000 size=03720h ( 14112) load[0m
[0;32mI (160) esp_image: segment 2: paddr=00033e00 vaddr=40080000 size=0c218h ( 49688) load[0m
[0;32mI (180) esp_image: segment 3: paddr=00040020 vaddr=400d0020 size=800c0h (524480) map[0m
[0;32mI (370) esp_image: segment 4: paddr=000c00e8 vaddr=4008c218 size=09a04h ( 39428) load[0m
[0;32mI (398) boot: Loaded app from partition at offset 0x10000[0m
[0;32mI (398) boot: Disabling RNG early entropy source...[0m
[0;32mI (409) cpu_start: Multicore app[0m
[0;32mI (410) cpu_start: Pro cpu up.[0m
[0;32mI (410) cpu_start: Starting app cpu, entry point is 0x400811e0[0m
[0;32mI (397) cpu_start: App cpu up.[0m
[0;32mI (428) cpu_start: Pro cpu start user code[0m
[0;32mI (428) cpu_start: cpu freq: 160000000 Hz[0m
[0;32mI (428) cpu_start: Application information:[0m
[0;32mI (432) cpu_start: Project name:     ap_station[0m
[0;32mI (438) cpu_start: App version:      39314c7-dirty[0m
[0;32mI (443) cpu_start: Compile time:     Oct  1 2023 19:10:36[0m
[0;32mI (449) cpu_start: ELF file SHA256:  6c508067f...[0m
[0;32mI (455) cpu_start: ESP-IDF:          v5.2-dev-2756-g2bc1f2f574[0m
[0;32mI (461) cpu_start: Min chip rev:     v0.0[0m
[0;32mI (466) cpu_start: Max chip rev:     v3.99 [0m
[0;32mI (471) cpu_start: Chip rev:         v3.0[0m
[0;32mI (476) heap_init: Initializing. RAM available for dynamic allocation:[0m
[0;32mI (483) heap_init: At 3FFAE6E0 len 00001920 (6 KiB): DRAM[0m
[0;32mI (489) heap_init: At 3FFB77B0 len 00028850 (162 KiB): DRAM[0m
[0;32mI (495) heap_init: At 3FFE0440 len 00003AE0 (14 KiB): D/IRAM[0m
[0;32mI (501) heap_init: At 3FFE4350 len 0001BCB0 (111 KiB): D/IRAM[0m
[0;32mI (508) heap_init: At 40095C1C len 0000A3E4 (40 KiB): IRAM[0m
[0;32mI (515) spi_flash: detected chip: generic[0m
[0;32mI (518) spi_flash: flash io: dio[0m
[0;33mW (522) spi_flash: Detected size(4096k) larger than the size in the binary image header(2048k). Using the size in the binary image header.[0m
[0;32mI (536) app_start: Starting scheduler on CPU0[0m
[0;32mI (541) app_start: Starting scheduler on CPU1[0m
[0;32mI (541) main_task: Started on CPU0[0m
[0;32mI (551) main_task: Calling app_main()[0m
[0;32mI (591) wifi ap_station: ESP_WIFI_MODE_AP_STA[0m
ESP_ERROR_CHECK failed: esp_err_t 0x3001 (ESP_ERR_WIFI_NOT_INIT) at 0x400d5d52
file: "./main/ap_station_main.c" line 141
func: wifi_init_ap_sta
expression: esp_wifi_set_mode(WIFI_MODE_APSTA)

abort() was called at PC 0x40088ff7 on core 0


Backtrace: 0x400817e6:0x3ffb9740 0x40089001:0x3ffb9760 0x40090062:0x3ffb9780 0x40088ff7:0x3ffb97f0 0x400d5d52:0x3ffb9820 0x400d607f:0x3ffb9a90 0x4014dff3:0x3ffb9ab0 0x4008ba65:0x3ffb9ae0




ELF file SHA256: 6c508067f

Rebooting...
ets Jul 29 2019 12:21:46

rst:0xc (SW_CPU_RESET),boot:0x13 (SPI_FAST_FLASH_BOOT)
configsip: 0, SPIWP:0xee
clk_drv:0x00,q_drv:0x00,d_drv:0x00,cs0_drv:0x00,hd_drv:0x00,wp_drv:0x00
mode:DIO, clock div:2
load:0x3fff0030,len:7136
load:0x40078000,len:15780
ho 0 tail 12 room 4
load:0x40080400,len:4
load:0x40080404,len:3884
entry 0x40080650
[0;32mI (31) boot: ESP-IDF v5.2-dev-2756-g2bc1f2f574 2nd stage bootloader[0m
[0;32mI (31) boot: compile time Oct  1 2023 19:10:42[0m
[0;32mI (33) boot: Multicore bootloader[0m
[0;32mI (37) boot: chip revision: v3.0[0m
[0;32mI (41) boot.esp32: SPI Speed      : 40MHz[0m
[0;32mI (45) boot.esp32: SPI Mode       : DIO[0m
[0;32mI (50) boot.esp32: SPI Flash Size : 2MB[0m
[0;32mI (54) boot: Enabling RNG early entropy source...[0m
[0;32mI (60) boot: Partition Table:[0m
[0;32mI (63) boot: ## Label            Usage          Type ST Offset   Length[0m
[0;32mI (71) boot:  0 nvs              WiFi data        01 02 00009000 00006000[0m
[0;32mI (78) boot:  1 phy_init         RF data          01 01 0000f000 00001000[0m
[0;32mI (86) boot:  2 factory          factory app      00 00 00010000 00100000[0m
[0;32mI (93) boot: End of partition table[0m
[0;32mI (97) esp_image: segment 0: paddr=00010020 vaddr=3f400020 size=206b0h (132784) map[0m
[0;32mI (154) esp_image: segment 1: paddr=000306d8 vaddr=3ffb0000 size=03720h ( 14112) load[0m
[0;32mI (160) esp_image: segment 2: paddr=00033e00 vaddr=40080000 size=0c218h ( 49688) load[0m
[0;32mI (180) esp_image: segment 3: paddr=00040020 vaddr=400d0020 size=800c0h (524480) map[0m
[0;32mI (370) esp_image: segment 4: paddr=000c00e8 vaddr=4008c218 size=09a04h ( 39428) load[0m
[0;32mI (398) boot: Loaded app from partition at offset 0x10000[0m
[0;32mI (398) boot: Disabling RNG early entropy source...[0m
[0;32mI (409) cpu_start: Multicore app[0m
[0;32mI (410) cpu_start: Pro cpu up.[0m
[0;32mI (410) cpu_start: Starting app cpu, entry point is 0x400811e0[0m
[0;32mI (397) cpu_start: App cpu up.[0m
[0;32mI (428) cpu_start: Pro cpu start user code[0m
[0;32mI (428) cpu_start: cpu freq: 160000000 Hz[0m
[0;32mI (428) cpu_start: Application information:[0m
[0;32mI (432) cpu_start: Project name:     ap_station[0m
[0;32mI (438) cpu_start: App version:      39314c7-dirty[0m
[0;32mI (443) cpu_start: Compile time:     Oct  1 2023 19:10:36[0m
[0;32mI (449) cpu_start: ELF file SHA256:  6c508067f...[0m
[0;32mI (455) cpu_start: ESP-IDF:          v5.2-dev-2756-g2bc1f2f574[0m
[0;32mI (461) cpu_start: Min chip rev:     v0.0[0m
[0;32mI (466) cpu_start: Max chip rev:     v3.99 [0m
[0;32mI (471) cpu_start: Chip rev:         v3.0[0m
[0;32mI (476) heap_init: Initializing. RAM available for dynamic allocation:[0m
[0;32mI (483) heap_init: At 3FFAE6E0 len 00001920 (6 KiB): DRAM[0m
[0;32mI (489) heap_init: At 3FFB77B0 len 00028850 (162 KiB): DRAM[0m
[0;32mI (495) heap_init: At 3FFE0440 len 00003AE0 (14 KiB): D/IRAM[0m
[0;32mI (501) heap_init: At 3FFE4350 len 0001BCB0 (111 KiB): D/IRAM[0m
[0;32mI (508) heap_init: At 40095C1C len 0000A3E4 (40 KiB): IRAM[0m
[0;32mI (515) spi_flash: detected chip: generic[0m
[0;32mI (518) spi_flash: flash io: dio[0m
[0;33mW (522) spi_flash: Detected size(4096k) larger than the size in the binary image header(2048k). Using the size in the binary image header.[0m
[0;32mI (536) app_start: Starting scheduler on CPU0[0m
[0;32mI (541) app_start: Starting scheduler on CPU1[0m
[0;32mI (541) main_task: Started on CPU0[0m
[0;32mI (551) main_task: Calling app_main()[0m
[0;32mI (591) wifi ap_station: ESP_WIFI_MODE_AP_STA[0m
ESP_ERROR_CHECK failed: esp_err_t 0x3001 (ESP_ERR_WIFI_NOT_INIT) at 0x400d5d52
file: "./main/ap_station_main.c" line 141
func: wifi_init_ap_sta
expression: esp_wifi_set_mode(WIFI_MODE_APSTA)

abort() was called at PC 0x40088ff7 on core 0


Backtrace: 0x400817e6:0x3ffb9740 0x40089001:0x3ffb9760 0x40090062:0x3ffb9780 0x40088ff7:0x3ffb97f0 0x400d5d52:0x3ffb9820 0x400d607f:0x3ffb9a90 0x4014dff3:0x3ffb9ab0 0x4008ba65:0x3ffb9ae0




ELF file SHA256: 6c508067f

Rebooting...
ets Jul 29 2019 12:21:46

rst:0xc (SW_CPU_RESET),boot:0x13 (SPI_FAST_FLASH_BOOT)
configsip: 0, SPIWP:0xee
clk_drv:0x00,q_drv:0x00,d_drv:0x00,cs0_drv:0x00,hd_drv:0x00,wp_drv:0x00
mode:DIO, clock div:2
load:0x3fff0030,len:7136
load:0x40078000,len:15780
ho 0 tail 12 room 4
load:0x40080400,len:4
load:0x40080404,len:3884
entry 0x40080650
[0;32mI (31) boot: ESP-IDF v5.2-dev-2756-g2bc1f2f574 2nd stage bootloader[0m
[0;32mI (31) boot: compile time Oct  1 2023 19:10:42[0m
[0;32mI (33) boot: Multicore bootloader[0m
[0;32mI (37) boot: chip revision: v3.0[0m
[0;32mI (41) boot.esp32: SPI Speed      : 40MHz[0m
[0;32mI (45) boot.esp32: SPI Mode       : DIO[0m
[0;32mI (50) boot.esp32: SPI Flash Size : 2MB[0m
[0;32mI (54) boot: Enabling RNG early entropy source...[0m
[0;32mI (60) boot: Partition Table:[0m
[0;32mI (63) boot: ## Label            Usage          Type ST Offset   Length[0m
[0;32mI (71) boot:  0 nvs              WiFi data        01 02 00009000 00006000[0m
[0;32mI (78) boot:  1 phy_init         RF data          01 01 0000f000 00001000[0m
[0;32mI (86) boot:  2 factory          factory app      00 00 00010000 00100000[0m
[0;32mI (93) boot: End of partition table[0m
[0;32mI (97) esp_image: segment 0: paddr=00010020 vaddr=3f400020 size=206b0h (132784) map[0m
[0;32mI (154) esp_image: segment 1: paddr=000306d8 vaddr=3ffb0000 size=03720h ( 14112) load[0m
[0;32mI (160) esp_image: segment 2: paddr=00033e00 vaddr=40080000 size=0c218h ( 49688) load[0m
[0;32mI (180) esp_image: segment 3: paddr=00040020 vaddr=400d0020 size=800c0h (524480) map[0m
[0;32mI (370) esp_image: segment 4: paddr=000c00e8 vaddr=4008c218 size=09a04h ( 39428) load[0m
[0;32mI (398) boot: Loaded app from partition at offset 0x10000[0m
[0;32mI (398) boot: Disabling RNG early entropy source...[0m
[0;32mI (409) cpu_start: Multicore app[0m
[0;32mI (410) cpu_start: Pro cpu up.[0m
[0;32mI (410) cpu_start: Starting app cpu, entry point is 0x400811e0[0m
[0;32mI (397) cpu_start: App cpu up.[0m
[0;32mI (428) cpu_start: Pro cpu start user code[0m
[0;32mI (428) cpu_start: cpu freq: 160000000 Hz[0m
[0;32mI (428) cpu_start: Application information:[0m
[0;32mI (432) cpu_start: Project name:     ap_station[0m
[0;32mI (438) cpu_start: App version:      39314c7-dirty[0m
[0;32mI (443) cpu_start: Compile time:     Oct  1 2023 19:10:36[0m
[0;32mI (449) cpu_start: ELF file SHA256:  6c508067f...[0m
[0;32mI (455) cpu_start: ESP-IDF:          v5.2-dev-2756-g2bc1f2f574[0m
[0;32mI (461) cpu_start: Min chip rev:     v0.0[0m
[0;32mI (466) cpu_start: Max chip rev:     v3.99 [0m
[0;32mI (471) cpu_start: Chip rev:         v3.0[0m
[0;32mI (476) heap_init: Initializing. RAM available for dynamic allocation:[0m
[0;32mI (483) heap_init: At 3FFAE6E0 len 00001920 (6 KiB): DRAM[0m
[0;32mI (489) heap_init: At 3FFB77B0 len 00028850 (162 KiB): DRAM[0m
[0;32mI (495) heap_init: At 3FFE0440 len 00003AE0 (14 KiB): D/IRAM[0m
[0;32mI (501) heap_init: At 3FFE4350 len 0001BCB0 (111 KiB): D/IRAM[0m
[0;32mI (508) heap_init: At 40095C1C len 0000A3E4 (40 KiB): IRAM[0m
[0;32mI (515) spi_flash: detected chip: generic[0m
[0;32mI (518) spi_flash: flash io: dio[0m
[0;33mW (522) spi_flash: Detected size(4096k) larger than the size in the binary image header(2048k). Using the size in the binary image header.[0m
[0;32mI (536) app_start: Starting scheduler on CPU0[0m
[0;32mI (541) app_start: Starting scheduler on CPU1[0m
[0;32mI (541) main_task: Started on CPU0[0m
[0;32mI (551) main_task: Calling app_main()[0m
[0;32mI (591) wifi ap_station: ESP_WIFI_MODE_AP_STA[0m
ESP_ERROR_CHECK failed: esp_err_t 0x3001 (ESP_ERR_WIFI_NOT_INIT) at 0x400d5d52
file: "./main/ap_station_main.c" line 141
func: wifi_init_ap_sta
expression: esp_wifi_set_mode(WIFI_MODE_APSTA)

abort() was called at PC 0x40088ff7 on core 0


Backtrace: 0x400817e6:0x3ffb9740 0x40089001:0x3ffb9760 0x40090062:0x3ffb9780 0x40088ff7:0x3ffb97f0 0x400d5d52:0x3ffb9820 0x400d607f:0x3ffb9a90 0x4014dff3:0x3ffb9ab0 0x4008ba65:0x3ffb9ae0




ELF file SHA256: 6c508067f

Rebooting...
ets Jul 29 2019 12:21:46

rst:0xc (SW_CPU_RESET),boot:0x13 (SPI_FAST_FLASH_BOOT)
configsip: 0, SPIWP:0xee
clk_drv:0x00,q_drv:0x00,d_drv:0x00,cs0_drv:0x00,hd_drv:0x00,wp_drv:0x00
mode:DIO, clock div:2
load:0x3fff0030,len:7136
load:0x40078000,len:15780
ho 0 tail 12 room 4
load:0x40080400,len:4
load:0x40080404,len:3884
entry 0x40080650
[0;32mI (31) boot: ESP-IDF v5.2-dev-2756-g2bc1f2f574 2nd stage bootloader[0m
[0;32mI (31) boot: compile time Oct  1 2023 19:10:42[0m
[0;32mI (33) boot: Multicore bootloader[0m
[0;32mI (37) boot: chip revision: v3.0[0m
[0;32mI (41) boot.esp32: SPI Speed      : 40MHz[0m
[0;32mI (45) boot.esp32: SPI Mode       : DIO[0m
[0;32mI (50) boot.esp32: SPI Flash Size : 2MB[0m
[0;32mI (54) boot: Enabling RNG early entropy source...[0m
[0;32mI (60) boot: Partition Table:[0m
[0;32mI (63) boot: ## Label            Usage          Type ST Offset   Length[0m
[0;32mI (71) boot:  0 nvs              WiFi data        01 02 00009000 00006000[0m
[0;32mI (78) boot:  1 phy_init         RF data          01 01 0000f000 00001000[0m
[0;32mI (86) boot:  2 factory          factory app      00 00 00010000 00100000[0m
[0;32mI (93) boot: End of partition table[0m
[0;32mI (97) esp_image: segment 0: paddr=00010020 vaddr=3f400020 size=206b0h (132784) map[0m
[0;32mI (154) esp_image: segment 1: paddr=000306d8 vaddr=3ffb0000 size=03720h ( 14112) load[0m
[0;32mI (160) esp_image: segment 2: paddr=00033e00 vaddr=40080000 size=0c218h ( 49688) load[0m
[0;32mI (180) esp_image: segment 3: paddr=00040020 vaddr=400d0020 size=800c0h (524480) map[0m
[0;32mI (370) esp_image: segment 4: paddr=000c00e8 vaddr=4008c218 size=09a04h ( 39428) load[0m
[0;32mI (398) boot: Loaded app from partition at offset 0x10000[0m
[0;32mI (398) boot: Disabling RNG early entropy source...[0m
[0;32mI (409) cpu_start: Multicore app[0m
[0;32mI (410) cpu_start: Pro cpu up.[0m
[0;32mI (410) cpu_start: Starting app cpu, entry point is 0x400811e0[0m
[0;32mI (397) cpu_start: App cpu up.[0m
[0;32mI (428) cpu_start: Pro cpu start user code[0m
[0;32mI (428) cpu_start: cpu freq: 160000000 Hz[0m
[0;32mI (428) cpu_start: Application information:[0m
[0;32mI (432) cpu_start: Project name:     ap_station[0m
[0;32mI (438) cpu_start: App version:      39314c7-dirty[0m
[0;32mI (443) cpu_start: Compile time:     Oct  1 2023 19:10:36[0m
[0;32mI (449) cpu_start: ELF file SHA256:  6c508067f...[0m
[0;32mI (455) cpu_start: ESP-IDF:          v5.2-dev-2756-g2bc1f2f574[0m
[0;32mI (461) cpu_start: Min chip rev:     v0.0[0m
[0;32mI (466) cpu_start: Max chip rev:     v3.99 [0m
[0;32mI (471) cpu_start: Chip rev:         v3.0[0m
[0;32mI (476) heap_init: Initializing. RAM available for dynamic allocation:[0m
[0;32mI (483) heap_init: At 3FFAE6E0 len 00001920 (6 KiB): DRAM[0m
[0;32mI (489) heap_init: At 3FFB77B0 len 00028850 (162 KiB): DRAM[0m
[0;32mI (495) heap_init: At 3FFE0440 len 00003AE0 (14 KiB): D/IRAM[0m
[0;32mI (501) heap_init: At 3FFE4350 len 0001BCB0 (111 KiB): D/IRAM[0m
[0;32mI (508) heap_init: At 40095C1C len 0000A3E4 (40 KiB): IRAM[0m
[0;32mI (515) spi_flash: detected chip: generic[0m
[0;32mI (518) spi_flash: flash io: dio[0m
[0;33mW (522) spi_flash: Detected size(4096k) larger than the size in the binary image header(2048k). Using the size in the binary image header.[0m
[0;32mI (536) app_start: Starting scheduler on CPU0[0m
[0;32mI (541) app_start: Starting scheduler on CPU1[0m
[0;32mI (541) main_task: Started on CPU0[0m
[0;32mI (551) main_task: Calling app_main()[0m
[0;32mI (591) wifi ap_station: ESP_WIFI_MODE_AP_STA[0m
ESP_ERROR_CHECK failed: esp_err_t 0x3001 (ESP_ERR_WIFI_NOT_INIT) at 0x400d5d52
file: "./main/ap_station_main.c" line 141
func: wifi_init_ap_sta
expression: esp_wifi_set_mode(WIFI_MODE_APSTA)

abort() was called at PC 0x40088ff7 on core 0


Backtrace: 0x400817e6:0x3ffb9740 0x40089001:0x3ffb9760 0x40090062:0x3ffb9780 0x40088ff7:0x3ffb97f0 0x400d5d52:0x3ffb9820 0x400d607f:0x3ffb9a90 0x4014dff3:0x3ffb9ab0 0x4008ba65:0x3ffb9ae0




ELF file SHA256: 6c508067f

Rebooting...
ets Jul 29 2019 12:21:46

rst:0xc (SW_CPU_RESET),boot:0x13 (SPI_FAST_FLASH_BOOT)
configsip: 0, SPIWP:0xee
clk_drv:0x00,q_drv:0x00,d_drv:0x00,cs0_drv:0x00,hd_drv:0x00,wp_drv:0x00
mode:DIO, clock div:2
load:0x3fff0030,len:7136
load:0x40078000,len:15780
ho 0 tail 12 room 4
load:0x40080400,len:4
load:0x40080404,len:3884
entry 0x40080650
[0;32mI (31) boot: ESP-IDF v5.2-dev-2756-g2bc1f2f574 2nd stage bootloader[0m
[0;32mI (31) boot: compile time Oct  1 2023 19:10:42[0m
[0;32mI (33) boot: Multicore bootloader[0m
[0;32mI (37) boot: chip revision: v3.0[0m
[0;32mI (41) boot.esp32: SPI Speed      : 40MHz[0m
[0;32mI (45) boot.esp32: SPI Mode       : DIO[0m
[0;32mI (50) boot.esp32: SPI Flash Size : 2MB[0m
[0;32mI (54) boot: Enabling RNG early entropy source...[0m
[0;32mI (60) boot: Partition Table:[0m
[0;32mI (63) boot: ## Label            Usage          Type ST Offset   Length[0m
[0;32mI (71) boot:  0 nvs              WiFi data        01 02 00009000 00006000[0m
[0;32mI (78) boot:  1 phy_init         RF data          01 01 0000f000 00001000[0m
[0;32mI (86) boot:  2 factory          factory app      00 00 00010000 00100000[0m
[0;32mI (93) boot: End of partition table[0m
[0;32mI (97) esp_image: segment 0: paddr=00010020 vaddr=3f400020 size=206b0h (132784) map[0m
[0;32mI (154) esp_image: segment 1: paddr=000306d8 vaddr=3ffb0000 size=03720h ( 14112) load[0m
[0;32mI (160) esp_image: segment 2: paddr=00033e00 vaddr=40080000 size=0c218h ( 49688) load[0m
[0;32mI (180) esp_image: segment 3: paddr=00040020 vaddr=400d0020 size=800c0h (524480) map[0m
[0;32mI (370) esp_image: segment 4: paddr=000c00e8 vaddr=4008c218 size=09a04h ( 39428) load[0m
[0;32mI (398) boot: Loaded app from partition at offset 0x10000[0m
[0;32mI (398) boot: Disabling RNG early entropy source...[0m
[0;32mI (409) cpu_start: Multicore app[0m
[0;32mI (410) cpu_start: Pro cpu up.[0m
[0;32mI (410) cpu_start: Starting app cpu, entry point is 0x400811e0[0m
[0;32mI (397) cpu_start: App cpu up.[0m
[0;32mI (428) cpu_start: Pro cpu start user code[0m
[0;32mI (428) cpu_start: cpu freq: 160000000 Hz[0m
[0;32mI (428) cpu_start: Application information:[0m
[0;32mI (432) cpu_start: Project name:     ap_station[0m
[0;32mI (438) cpu_start: App version:      39314c7-dirty[0m
[0;32mI (443) cpu_start: Compile time:     Oct  1 2023 19:10:36[0m
[0;32mI (449) cpu_start: ELF file SHA256:  6c508067f...[0m
[0;32mI (455) cpu_start: ESP-IDF:          v5.2-dev-2756-g2bc1f2f574[0m
[0;32mI (461) cpu_start: Min chip rev:     v0.0[0m
[0;32mI (466) cpu_start: Max chip rev:     v3.99 [0m
[0;32mI (471) cpu_start: Chip rev:         v3.0[0m
[0;32mI (476) heap_init: Initializing. RAM available for dynamic allocation:[0m
[0;32mI (483) heap_init: At 3FFAE6E0 len 00001920 (6 KiB): DRAM[0m
[0;32mI (489) heap_init: At 3FFB77B0 len 00028850 (162 KiB): DRAM[0m
[0;32mI (495) heap_init: At 3FFE0440 len 00003AE0 (14 KiB): D/IRAM[0m
[0;32mI (501) heap_init: At 3FFE4350 len 0001BCB0 (111 KiB): D/IRAM[0m
[0;32mI (508) heap_init: At 40095C1C len 0000A3E4 (40 KiB): IRAM[0m
[0;32mI (515) spi_flash: detected chip: generic[0m
[0;32mI (518) spi_flash: flash io: dio[0m
[0;33mW (522) spi_flash: Detected size(4096k) larger than the size in the binary image header(2048k). Using the size in the binary image header.[0m
[0;32mI (536) app_start: Starting scheduler on CPU0[0m
[0;32mI (541) app_start: Starting scheduler on CPU1[0m
[0;32mI (541) main_task: Started on CPU0[0m
[0;32mI (551) main_task: Calling app_main()[0m
[0;32mI (591) wifi ap_station: ESP_WIFI_MODE_AP_STA[0m
ESP_ERROR_CHECK failed: esp_err_t 0x3001 (ESP_ERR_WIFI_NOT_INIT) at 0x400d5d52
file: "./main/ap_station_main.c" line 141
func: wifi_init_ap_sta
expression: esp_wifi_set_mode(WIFI_MODE_APSTA)

abort() was called at PC 0x40088ff7 on core 0


Backtrace: 0x400817e6:0x3ffb9740 0x40089001:0x3ffb9760 0x40090062:0x3ffb9780 0x40088ff7:0x3ffb97f0 0x400d5d52:0x3ffb9820 0x400d607f:0x3ffb9a90 0x4014dff3:0x3ffb9ab0 0x4008ba65:0x3ffb9ae0




ELF file SHA256: 6c508067f

Rebooting...
ets Jul 29 2019 12:21:46

rst:0xc (SW_CPU_RESET),boot:0x13 (SPI_FAST_FLASH_BOOT)
configsip: 0, SPIWP:0xee
clk_drv:0x00,q_drv:0x00,d_drv:0x00,cs0_drv:0x00,hd_drv:0x00,wp_drv:0x00
mode:DIO, clock div:2
load:0x3fff0030,len:7136
load:0x40078000,len:15780
ho 0 tail 12 room 4
load:0x40080400,len:4
load:0x40080404,len:3884
entry 0x40080650
[0;32mI (31) boot: ESP-IDF v5.2-dev-2756-g2bc1f2f574 2nd stage bootloader[0m
[0;32mI (31) boot: compile time Oct  1 2023 19:10:42[0m
[0;32mI (33) boot: Multicore bootloader[0m
[0;32mI (37) boot: chip revision: v3.0[0m
[0;32mI (41) boot.esp32: SPI Speed      : 40MHz[0m
[0;32mI (45) boot.esp32: SPI Mode       : DIO[0m
[0;32mI (50) boot.esp32: SPI Flash Size : 2MB[0m
[0;32mI (54) boot: Enabling RNG early entropy source...[0m
[0;32mI (60) boot: Partition Table:[0m
[0;32mI (63) boot: ## Label            Usage          Type ST Offset   Length[0m
[0;32mI (71) boot:  0 nvs              WiFi data        01 02 00009000 00006000[0m
[0;32mI (78) boot:  1 phy_init         RF data          01 01 0000f000 00001000[0m
[0;32mI (86) boot:  2 factory          factory app      00 00 00010000 00100000[0m
[0;32mI (93) boot: End of partition table[0m
[0;32mI (97) esp_image: segment 0: paddr=00010020 vaddr=3f400020 size=206b0h (132784) map[0m
[0;32mI (154) esp_image: segment 1: paddr=000306d8 vaddr=3ffb0000 size=03720h ( 14112) load[0m
[0;32mI (160) esp_image: segment 2: paddr=00033e00 vaddr=40080000 size=0c218h ( 49688) load[0m
[0;32mI (180) esp_image: segment 3: paddr=00040020 vaddr=400d0020 size=800c0h (524480) map[0m
[0;32mI (370) esp_image: segment 4: paddr=000c00e8 vaddr=4008c218 size=09a04h ( 39428) load[0m
[0;32mI (398) boot: Loaded app from partition at offset 0x10000[0m
[0;32mI (398) boot: Disabling RNG early entropy source...[0m
[0;32mI (409) cpu_start: Multicore app[0m
[0;32mI (410) cpu_start: Pro cpu up.[0m
[0;32mI (410) cpu_start: Starting app cpu, entry point is 0x400811e0[0m
[0;32mI (397) cpu_start: App cpu up.[0m
[0;32mI (428) cpu_start: Pro cpu start user code[0m
[0;32mI (428) cpu_start: cpu freq: 160000000 Hz[0m
[0;32mI (428) cpu_start: Application information:[0m
[0;32mI (432) cpu_start: Project name:     ap_station[0m
[0;32mI (438) cpu_start: App version:      39314c7-dirty[0m
[0;32mI (443) cpu_start: Compile time:     Oct  1 2023 19:10:36[0m
[0;32mI (449) cpu_start: ELF file SHA256:  6c508067f...[0m
[0;32mI (455) cpu_start: ESP-IDF:          v5.2-dev-2756-g2bc1f2f574[0m
[0;32mI (461) cpu_start: Min chip rev:     v0.0[0m
[0;32mI (466) cpu_start: Max chip rev:     v3.99 [0m
[0;32mI (471) cpu_start: Chip rev:         v3.0[0m
[0;32mI (476) heap_init: Initializing. RAM available for dynamic allocation:[0m
[0;32mI (483) heap_init: At 3FFAE6E0 len 00001920 (6 KiB): DRAM[0m
[0;32mI (489) heap_init: At 3FFB77B0 len 00028850 (162 KiB): DRAM[0m
[0;32mI (495) heap_init: At 3FFE0440 len 00003AE0 (14 KiB): D/IRAM[0m
[0;32mI (501) heap_init: At 3FFE4350 len 0001BCB0 (111 KiB): D/IRAM[0m
[0;32mI (508) heap_init: At 40095C1C len 0000A3E4 (40 KiB): IRAM[0m
[0;32mI (515) spi_flash: detected chip: generic[0m
[0;32mI (518) spi_flash: flash io: dio[0m
[0;33mW (522) spi_flash: Detected size(4096k) larger than the size in the binary image header(2048k). Using the size in the binary image header.[0m
[0;32mI (536) app_start: Starting scheduler on CPU0[0m
[0;32mI (541) app_start: Starting scheduler on CPU1[0m
[0;32mI (541) main_task: Started on CPU0[0m
[0;32mI (551) main_task: Calling app_main()[0m
[0;32mI (591) wifi ap_station: ESP_WIFI_MODE_AP_STA[0m
ESP_ERROR_CHECK failed: esp_err_t 0x3001 (ESP_ERR_WIFI_NOT_INIT) at 0x400d5d52
file: "./main/ap_station_main.c" line 141
func: wifi_init_ap_sta
expression: esp_wifi_set_mode(WIFI_MODE_APSTA)

abort() was called at PC 0x40088ff7 on core 0


Backtrace: 0x400817e6:0x3ffb9740 0x40089001:0x3ffb9760 0x40090062:0x3ffb9780 0x40088ff7:0x3ffb97f0 0x400d5d52:0x3ffb9820 0x400d607f:0x3ffb9a90 0x4014dff3:0x3ffb9ab0 0x4008ba65:0x3ffb9ae0




ELF file SHA256: 6c508067f

Rebooting...
ets Jul 29 2019 12:21:46

rst:0xc (SW_CPU_RESET),boot:0x13 (SPI_FAST_FLASH_BOOT)
configsip: 0, SPIWP:0xee
clk_drv:0x00,q_drv:0x00,d_drv:0x00,cs0_drv:0x00,hd_drv:0x00,wp_drv:0x00
mode:DIO, clock div:2
load:0x3fff0030,len:7136
load:0x40078000,len:15780
ho 0 tail 12 room 4
load:0x40080400,len:4
load:0x40080404,len:3884
entry 0x40080650
[0;32mI (31) boot: ESP-IDF v5.2-dev-2756-g2bc1f2f574 2nd stage bootloader[0m
[0;32mI (31) boot: compile time Oct  1 2023 19:10:42[0m
[0;32mI (33) boot: Multicore bootloader[0m
[0;32mI (37) boot: chip revision: v3.0[0m
[0;32mI (41) boot.esp32: SPI Speed      : 40MHz[0m
[0;32mI (45) boot.esp32: SPI Mode       : DIO[0m
[0;32mI (50) boot.esp32: SPI Flash Size : 2MB[0m
[0;32mI (54) boot: Enabling RNG early entropy source...[0m
[0;32mI (60) boot: Partition Table:[0m
[0;32mI (63) boot: ## Label            Usage          Type ST Offset   Length[0m
[0;32mI (71) boot:  0 nvs              WiFi data        01 02 00009000 00006000[0m
[0;32mI (78) boot:  1 phy_init         RF data          01 01 0000f000 00001000[0m
[0;32mI (86) boot:  2 factory          factory app      00 00 00010000 00100000[0m
[0;32mI (93) boot: End of partition table[0m
[0;32mI (97) esp_image: segment 0: paddr=00010020 vaddr=3f400020 size=206b0h (132784) map[0m
[0;32mI (154) esp_image: segment 1: paddr=000306d8 vaddr=3ffb0000 size=03720h ( 14112) load[0m
[0;32mI (160) esp_image: segment 2: paddr=00033e00 vaddr=40080000 size=0c218h ( 49688) load[0m
[0;32mI (180) esp_image: segment 3: paddr=00040020 vaddr=400d0020 size=800c0h (524480) map[0m
[0;32mI (370) esp_image: segment 4: paddr=000c00e8 vaddr=4008c218 size=09a04h ( 39428) load[0m
[0;32mI (398) boot: Loaded app from partition at offset 0x10000[0m
[0;32mI (398) boot: Disabling RNG early entropy source...[0m
[0;32mI (409) cpu_start: Multicore app[0m
[0;32mI (410) cpu_start: Pro cpu up.[0m
[0;32mI (410) cpu_start: Starting app cpu, entry point is 0x400811e0[0m
[0;32mI (397) cpu_start: App cpu up.[0m
[0;32mI (428) cpu_start: Pro cpu start user code[0m
[0;32mI (428) cpu_start: cpu freq: 160000000 Hz[0m
[0;32mI (428) cpu_start: Application information:[0m
[0;32mI (432) cpu_start: Project name:     ap_station[0m
[0;32mI (438) cpu_start: App version:      39314c7-dirty[0m
[0;32mI (443) cpu_start: Compile time:     Oct  1 2023 19:10:36[0m
[0;32mI (449) cpu_start: ELF file SHA256:  6c508067f...[0m
[0;32mI (455) cpu_start: ESP-IDF:          v5.2-dev-2756-g2bc1f2f574[0m
[0;32mI (461) cpu_start: Min chip rev:     v0.0[0m
[0;32mI (466) cpu_start: Max chip rev:     v3.99 [0m
[0;32mI (471) cpu_start: Chip rev:         v3.0[0m
[0;32mI (476) heap_init: Initializing. RAM available for dynamic allocation:[0m
[0;32mI (483) heap_init: At 3FFAE6E0 len 00001920 (6 KiB): DRAM[0m
[0;32mI (489) heap_init: At 3FFB77B0 len 00028850 (162 KiB): DRAM[0m
[0;32mI (495) heap_init: At 3FFE0440 len 00003AE0 (14 KiB): D/IRAM[0m
[0;32mI (501) heap_init: At 3FFE4350 len 0001BCB0 (111 KiB): D/IRAM[0m
[0;32mI (508) heap_init: At 40095C1C len 0000A3E4 (40 KiB): IRAM[0m
[0;32mI (515) spi_flash: detected chip: generic[0m
[0;32mI (518) spi_flash: flash io: dio[0m
[0;33mW (522) spi_flash: Detected size(4096k) larger than the size in the binary image header(2048k). Using the size in the binary image header.[0m
[0;32mI (536) app_start: Starting scheduler on CPU0[0m
[0;32mI (541) app_start: Starting scheduler on CPU1[0m
[0;32mI (541) main_task: Started on CPU0[0m
[0;32mI (551) main_task: Calling app_main()[0m
[0;32mI (591) wifi ap_station: ESP_WIFI_MODE_AP_STA[0m
ESP_ERROR_CHECK failed: esp_err_t 0x3001 (ESP_ERR_WIFI_NOT_INIT) at 0x400d5d52
file: "./main/ap_station_main.c" line 141
func: wifi_init_ap_sta
expression: esp_wifi_set_mode(WIFI_MODE_APSTA)

abort() was called at PC 0x40088ff7 on core 0


Backtrace: 0x400817e6:0x3ffb9740 0x40089001:0x3ffb9760 0x40090062:0x3ffb9780 0x40088ff7:0x3ffb97f0 0x400d5d52:0x3ffb9820 0x400d607f:0x3ffb9a90 0x4014dff3:0x3ffb9ab0 0x4008ba65:0x3ffb9ae0




ELF file SHA256: 6c508067f

Rebooting...
ets Jul 29 2019 12:21:46

rst:0xc (SW_CPU_RESET),boot:0x13 (SPI_FAST_FLASH_BOOT)
configsip: 0, SPIWP:0xee
clk_drv:0x00,q_drv:0x00,d_drv:0x00,cs0_drv:0x00,hd_drv:0x00,wp_drv:0x00
mode:DIO, clock div:2
load:0x3fff0030,len:7136
load:0x40078000,len:15780
ho 0 tail 12 room 4
load:0x40080400,len:4
load:0x40080404,len:3884
entry 0x40080650
[0;32mI (31) boot: ESP-IDF v5.2-dev-2756-g2bc1f2f574 2nd stage bootloader[0m
[0;32mI (31) boot: compile time Oct  1 2023 19:10:42[0m
[0;32mI (33) boot: Multicore bootloader[0m
[0;32mI (37) boot: chip revision: v3.0[0m
[0;32mI (41) boot.esp32: SPI Speed      : 40MHz[0m
[0;32mI (45) boot.esp32: SPI Mode       : DIO[0m
[0;32mI (50) boot.esp32: SPI Flash Size : 2MB[0m
[0;32mI (54) boot: Enabling RNG early entropy source...[0m
[0;32mI (60) boot: Partition Table:[0m
[0;32mI (63) boot: ## Label            Usage          Type ST Offset   Length[0m
[0;32mI (71) boot:  0 nvs              WiFi data        01 02 00009000 00006000[0m
[0;32mI (78) boot:  1 phy_init         RF data          01 01 0000f000 00001000[0m
[0;32mI (86) boot:  2 factory          factory app      00 00 00010000 00100000[0m
[0;32mI (93) boot: End of partition table[0m
[0;32mI (97) esp_image: segment 0: paddr=00010020 vaddr=3f400020 size=206b0h (132784) map[0m
[0;32mI (154) esp_image: segment 1: paddr=000306d8 vaddr=3ffb0000 size=03720h ( 14112) load[0m
[0;32mI (160) esp_image: segment 2: paddr=00033e00 vaddr=40080000 size=0c218h ( 49688) load[0m
[0;32mI (180) esp_image: segment 3: paddr=00040020 vaddr=400d0020 size=800c0h (524480) map[0m
[0;32mI (370) esp_image: segment 4: paddr=000c00e8 vaddr=4008c218 size=09a04h ( 39428) load[0m
[0;32mI (398) boot: Loaded app from partition at offset 0x10000[0m
[0;32mI (398) boot: Disabling RNG early entropy source...[0m
[0;32mI (409) cpu_start: Multicore app[0m
[0;32mI (410) cpu_start: Pro cpu up.[0m
[0;32mI (410) cpu_start: Starting app cpu, entry point is 0x400811e0[0m
[0;32mI (397) cpu_start: App cpu up.[0m
[0;32mI (428) cpu_start: Pro cpu start user code[0m
[0;32mI (428) cpu_start: cpu freq: 160000000 Hz[0m
[0;32mI (428) cpu_start: Application information:[0m
[0;32mI (432) cpu_start: Project name:     ap_station[0m
[0;32mI (438) cpu_start: App version:      39314c7-dirty[0m
[0;32mI (443) cpu_start: Compile time:     Oct  1 2023 19:10:36[0m
[0;32mI (449) cpu_start: ELF file SHA256:  6c508067f...[0m
[0;32mI (455) cpu_start: ESP-IDF:          v5.2-dev-2756-g2bc1f2f574[0m
[0;32mI (461) cpu_start: Min chip rev:     v0.0[0m
[0;32mI (466) cpu_start: Max chip rev:     v3.99 [0m
[0;32mI (471) cpu_start: Chip rev:         v3.0[0m
[0;32mI (476) heap_init: Initializing. RAM available for dynamic allocation:[0m
[0;32mI (483) heap_init: At 3FFAE6E0 len 00001920 (6 KiB): DRAM[0m
[0;32mI (489) heap_init: At 3FFB77B0 len 00028850 (162 KiB): DRAM[0m
[0;32mI (495) heap_init: At 3FFE0440 len 00003AE0 (14 KiB): D/IRAM[0m
[0;32mI (501) heap_init: At 3FFE4350 len 0001BCB0 (111 KiB): D/IRAM[0m
[0;32mI (508) heap_init: At 40095C1C len 0000A3E4 (40 KiB): IRAM[0m
[0;32mI (515) spi_flash: detected chip: generic[0m
[0;32mI (518) spi_flash: flash io: dio[0m
[0;33mW (522) spi_flash: Detected size(4096k) larger than the size in the binary image header(2048k). Using the size in the binary image header.[0m
[0;32mI (536) app_start: Starting scheduler on CPU0[0m
[0;32mI (541) app_start: Starting scheduler on CPU1[0m
[0;32mI (541) main_task: Started on CPU0[0m
[0;32mI (551) main_task: Calling app_main()[0m
[0;32mI (591) wifi ap_station: ESP_WIFI_MODE_AP_STA[0m
ESP_ERROR_CHECK failed: esp_err_t 0x3001 (ESP_ERR_WIFI_NOT_INIT) at 0x400d5d52
file: "./main/ap_station_main.c" line 141
func: wifi_init_ap_sta
expression: esp_wifi_set_mode(WIFI_MODE_APSTA)

abort() was called at PC 0x40088ff7 on core 0


Backtrace: 0x400817e6:0x3ffb9740 0x40089001:0x3ffb9760 0x40090062:0x3ffb9780 0x40088ff7:0x3ffb97f0 0x400d5d52:0x3ffb9820 0x400d607f:0x3ffb9a90 0x4014dff3:0x3ffb9ab0 0x4008ba65:0x3ffb9ae0




ELF file SHA256: 6c508067f

Rebooting...
ets Jul 29 2019 12:21:46

rst:0xc (SW_CPU_RESET),boot:0x13 (SPI_FAST_FLASH_BOOT)
configsip: 0, SPIWP:0xee
clk_drv:0x00,q_drv:0x00,d_drv:0x00,cs0_drv:0x00,hd_drv:0x00,wp_drv:0x00
mode:DIO, clock div:2
load:0x3fff0030,len:7136
load:0x40078000,len:15780
ho 0 tail 12 room 4
load:0x40080400,len:4
load:0x40080404,len:3884
entry 0x40080650
[0;32mI (31) boot: ESP-IDF v5.2-dev-2756-g2bc1f2f574 2nd stage bootloader[0m
[0;32mI (31) boot: compile time Oct  1 2023 19:10:42[0m
[0;32mI (33) boot: Multicore bootloader[0m
[0;32mI (37) boot: chip revision: v3.0[0m
[0;32mI (41) boot.esp32: SPI Speed      : 40MHz[0m
[0;32mI (45) boot.esp32: SPI Mode       : DIO[0m
[0;32mI (50) boot.esp32: SPI Flash Size : 2MB[0m
[0;32mI (54) boot: Enabling RNG early entropy source...[0m
[0;32mI (60) boot: Partition Table:[0m
[0;32mI (63) boot: ## Label            Usage          Type ST Offset   Length[0m
[0;32mI (71) boot:  0 nvs              WiFi data        01 02 00009000 00006000[0m
[0;32mI (78) boot:  1 phy_init         RF data          01 01 0000f000 00001000[0m
[0;32mI (86) boot:  2 factory          factory app      00 00 00010000 00100000[0m
[0;32mI (93) boot: End of partition table[0m
[0;32mI (97) esp_image: segment 0: paddr=00010020 vaddr=3f400020 size=206b0h (132784) map[0m
[0;32mI (154) esp_image: segment 1: paddr=000306d8 vaddr=3ffb0000 size=03720h ( 14112) load[0m
[0;32mI (160) esp_image: segment 2: paddr=00033e00 vaddr=40080000 size=0c218h ( 49688) load[0m
[0;32mI (180) esp_image: segment 3: paddr=00040020 vaddr=400d0020 size=800c0h (524480) map[0m
[0;32mI (370) esp_image: segment 4: paddr=000c00e8 vaddr=4008c218 size=09a04h ( 39428) load[0m
[0;32mI (398) boot: Loaded app from partition at offset 0x10000[0m
[0;32mI (398) boot: Disabling RNG early entropy source...[0m
[0;32mI (409) cpu_start: Multicore app[0m
[0;32mI (410) cpu_start: Pro cpu up.[0m
[0;32mI (410) cpu_start: Starting app cpu, entry point is 0x400811e0[0m
[0;32mI (397) cpu_start: App cpu up.[0m
[0;32mI (428) cpu_start: Pro cpu start user code[0m
[0;32mI (428) cpu_start: cpu freq: 160000000 Hz[0m
[0;32mI (428) cpu_start: Application information:[0m
[0;32mI (432) cpu_start: Project name:     ap_station[0m
[0;32mI (438) cpu_start: App version:      39314c7-dirty[0m
[0;32mI (443) cpu_start: Compile time:     Oct  1 2023 19:10:36[0m
[0;32mI (449) cpu_start: ELF file SHA256:  6c508067f...[0m
[0;32mI (455) cpu_start: ESP-IDF:          v5.2-dev-2756-g2bc1f2f574[0m
[0;32mI (461) cpu_start: Min chip rev:     v0.0[0m
[0;32mI (466) cpu_start: Max chip rev:     v3.99 [0m
[0;32mI (471) cpu_start: Chip rev:         v3.0[0m
[0;32mI (476) heap_init: Initializing. RAM available for dynamic allocation:[0m
[0;32mI (483) heap_init: At 3FFAE6E0 len 00001920 (6 KiB): DRAM[0m
[0;32mI (489) heap_init: At 3FFB77B0 len 00028850 (162 KiB): DRAM[0m
[0;32mI (495) heap_init: At 3FFE0440 len 00003AE0 (14 KiB): D/IRAM[0m
[0;32mI (501) heap_init: At 3FFE4350 len 0001BCB0 (111 KiB): D/IRAM[0m
[0;32mI (508) heap_init: At 40095C1C len 0000A3E4 (40 KiB): IRAM[0m
[0;32mI (515) spi_flash: detected chip: generic[0m
[0;32mI (518) spi_flash: flash io: dio[0m
[0;33mW (522) spi_flash: Detected size(4096k) larger than the size in the binary image header(2048k). Using the size in the binary image header.[0m
[0;32mI (536) app_start: Starting scheduler on CPU0[0m
[0;32mI (541) app_start: Starting scheduler on CPU1[0m
[0;32mI (541) main_task: Started on CPU0[0m
[0;32mI (551) main_task: Calling app_main()[0m
[0;32mI (591) wifi ap_station: ESP_WIFI_MODE_AP_STA[0m
ESP_ERROR_CHECK failed: esp_err_t 0x3001 (ESP_ERR_WIFI_NOT_INIT) at 0x400d5d52
file: "./main/ap_station_main.c" line 141
func: wifi_init_ap_sta
expression: esp_wifi_set_mode(WIFI_MODE_APSTA)

abort() was called at PC 0x40088ff7 on core 0


Backtrace: 0x400817e6:0x3ffb9740 0x40089001:0x3ffb9760 0x40090062:0x3ffb9780 0x40088ff7:0x3ffb97f0 0x400d5d52:0x3ffb9820 0x400d607f:0x3ffb9a90 0x4014dff3:0x3ffb9ab0 0x4008ba65:0x3ffb9ae0




ELF file SHA256: 6c508067f

Rebooting...
ets Jul 29 2019 12:21:46

rst:0xc (SW_CPU_RESET),boot:0x13 (SPI_FAST_FLASH_BOOT)
configsip: 0, SPIWP:0xee
clk_drv:0x00,q_drv:0x00,d_drv:0x00,cs0_drv:0x00,hd_drv:0x00,wp_drv:0x00
mode:DIO, clock div:2
load:0x3fff0030,len:7136
load:0x40078000,len:15780
ho 0 tail 12 room 4
load:0x40080400,len:4
load:0x40080404,len:3884
entry 0x40080650
[0;32mI (31) boot: ESP-IDF v5.2-dev-2756-g2bc1f2f574 2nd stage bootloader[0m
[0;32mI (31) boot: compile time Oct  1 2023 19:10:42[0m
[0;32mI (33) boot: Multicore bootloader[0m
[0;32mI (37) boot: chip revision: v3.0[0m
[0;32mI (41) boot.esp32: SPI Speed      : 40MHz[0m
[0;32mI (45) boot.esp32: SPI Mode       : DIO[0m
[0;32mI (50) boot.esp32: SPI Flash Size : 2MB[0m
[0;32mI (54) boot: Enabling RNG early entropy source...[0m
[0;32mI (60) boot: Partition Table:[0m
[0;32mI (63) boot: ## Label            Usage          Type ST Offset   Length[0m
[0;32mI (71) boot:  0 nvs              WiFi data        01 02 00009000 00006000[0m
[0;32mI (78) boot:  1 phy_init         RF data          01 01 0000f000 00001000[0m
[0;32mI (86) boot:  2 factory          factory app      00 00 00010000 00100000[0m
[0;32mI (93) boot: End of partition table[0m
[0;32mI (97) esp_image: segment 0: paddr=00010020 vaddr=3f400020 size=206b0h (132784) map[0m
[0;32mI (154) esp_image: segment 1: paddr=000306d8 vaddr=3ffb0000 size=03720h ( 14112) load[0m
[0;32mI (160) esp_image: segment 2: paddr=00033e00 vaddr=40080000 size=0c218h ( 49688) load[0m
[0;32mI (180) esp_image: segment 3: paddr=00040020 vaddr=400d0020 size=800c0h (524480) map[0m
[0;32mI (370) esp_image: segment 4: paddr=000c00e8 vaddr=4008c218 size=09a04h ( 39428) load[0m
[0;32mI (398) boot: Loaded app from partition at offset 0x10000[0m
[0;32mI (398) boot: Disabling RNG early entropy source...[0m
[0;32mI (409) cpu_start: Multicore app[0m
[0;32mI (410) cpu_start: Pro cpu up.[0m
[0;32mI (410) cpu_start: Starting app cpu, entry point is 0x400811e0[0m
[0;32mI (397) cpu_start: App cpu up.[0m
[0;32mI (428) cpu_start: Pro cpu start user code[0m
[0;32mI (428) cpu_start: cpu freq: 160000000 Hz[0m
[0;32mI (428) cpu_start: Application information:[0m
[0;32mI (432) cpu_start: Project name:     ap_station[0m
[0;32mI (438) cpu_start: App version:      39314c7-dirty[0m
[0;32mI (443) cpu_start: Compile time:     Oct  1 2023 19:10:36[0m
[0;32mI (449) cpu_start: ELF file SHA256:  6c508067f...[0m
[0;32mI (455) cpu_start: ESP-IDF:          v5.2-dev-2756-g2bc1f2f574[0m
[0;32mI (461) cpu_start: Min chip rev:     v0.0[0m
[0;32mI (466) cpu_start: Max chip rev:     v3.99 [0m
[0;32mI (471) cpu_start: Chip rev:         v3.0[0m
[0;32mI (476) heap_init: Initializing. RAM available for dynamic allocation:[0m
[0;32mI (483) heap_init: At 3FFAE6E0 len 00001920 (6 KiB): DRAM[0m
[0;32mI (489) heap_init: At 3FFB77B0 len 00028850 (162 KiB): DRAM[0m
[0;32mI (495) heap_init: At 3FFE0440 len 00003AE0 (14 KiB): D/IRAM[0m
[0;32mI (501) heap_init: At 3FFE4350 len 0001BCB0 (111 KiB): D/IRAM[0m
[0;32mI (508) heap_init: At 40095C1C len 0000A3E4 (40 KiB): IRAM[0m
[0;32mI (515) spi_flash: detected chip: generic[0m
[0;32mI (518) spi_flash: flash io: dio[0m
[0;33mW (522) spi_flash: Detected size(4096k) larger than the size in the binary image header(2048k). Using the size in the binary image header.[0m
[0;32mI (536) app_start: Starting scheduler on CPU0[0m
[0;32mI (541) app_start: Starting scheduler on CPU1[0m
[0;32mI (541) main_task: Started on CPU0[0m
[0;32mI (551) main_task: Calling app_main()[0m
[0;32mI (591) wifi ap_station: ESP_WIFI_MODE_AP_STA[0m
ESP_ERROR_CHECK failed: esp_err_t 0x3001 (ESP_ERR_WIFI_NOT_INIT) at 0x400d5d52
file: "./main/ap_station_main.c" line 141
func: wifi_init_ap_sta
expression: esp_wifi_set_mode(WIFI_MODE_APSTA)

abort() was called at PC 0x40088ff7 on core 0


Backtrace: 0x400817e6:0x3ffb9740 0x40089001:0x3ffb9760 0x40090062:0x3ffb9780 0x40088ff7:0x3ffb97f0 0x400d5d52:0x3ffb9820 0x400d607f:0x3ffb9a90 0x4014dff3:0x3ffb9ab0 0x4008ba65:0x3ffb9ae0




ELF file SHA256: 6c508067f

Rebooting...
ets Jul 29 2019 12:21:46

rst:0xc (SW_CPU_RESET),boot:0x13 (SPI_FAST_FLASH_BOOT)
configsip: 0, SPIWP:0xee
clk_drv:0x00,q_drv:0x00,d_drv:0x00,cs0_drv:0x00,hd_drv:0x00,wp_drv:0x00
mode:DIO, clock div:2
load:0x3fff0030,len:7136
load:0x40078000,len:15780
ho 0 tail 12 room 4
load:0x40080400,len:4
load:0x40080404,len:3884
entry 0x40080650
[0;32mI (31) boot: ESP-IDF v5.2-dev-2756-g2bc1f2f574 2nd stage bootloader[0m
[0;32mI (31) boot: compile time Oct  1 2023 19:10:42[0m
[0;32mI (33) boot: Multicore bootloader[0m
[0;32mI (37) boot: chip revision: v3.0[0m
[0;32mI (41) boot.esp32: SPI Speed      : 40MHz[0m
[0;32mI (45) boot.esp32: SPI Mode       : DIO[0m
[0;32mI (50) boot.esp32: SPI Flash Size : 2MB[0m
[0;32mI (54) boot: Enabling RNG early entropy source...[0m
[0;32mI (60) boot: Partition Table:[0m
[0;32mI (63) boot: ## Label            Usage          Type ST Offset   Length[0m
[0;32mI (71) boot:  0 nvs              WiFi data        01 02 00009000 00006000[0m
[0;32mI (78) boot:  1 phy_init         RF data          01 01 0000f000 00001000[0m
[0;32mI (86) boot:  2 factory          factory app      00 00 00010000 00100000[0m
[0;32mI (93) boot: End of partition table[0m
[0;32mI (97) esp_image: segment 0: paddr=00010020 vaddr=3f400020 size=206b0h (132784) map[0m
[0;32mI (154) esp_image: segment 1: paddr=000306d8 vaddr=3ffb0000 size=03720h ( 14112) load[0m
[0;32mI (160) esp_image: segment 2: paddr=00033e00 vaddr=40080000 size=0c218h ( 49688) load[0m
[0;32mI (180) esp_image: segment 3: paddr=00040020 vaddr=400d0020 size=800c0h (524480) map[0m
[0;32mI (370) esp_image: segment 4: paddr=000c00e8 vaddr=4008c218 size=09a04h ( 39428) load[0m
[0;32mI (398) boot: Loaded app from partition at offset 0x10000[0m
[0;32mI (398) boot: Disabling RNG early entropy source...[0m
[0;32mI (409) cpu_start: Multicore app[0m
[0;32mI (410) cpu_start: Pro cpu up.[0m
[0;32mI (410) cpu_start: Starting app cpu, entry point is 0x400811e0[0m
[0;32mI (397) cpu_start: App cpu up.[0m
[0;32mI (428) cpu_start: Pro cpu start user code[0m
[0;32mI (428) cpu_start: cpu freq: 160000000 Hz[0m
[0;32mI (428) cpu_start: Application information:[0m
[0;32mI (432) cpu_start: Project name:     ap_station[0m
[0;32mI (438) cpu_start: App version:      39314c7-dirty[0m
[0;32mI (443) cpu_start: Compile time:     Oct  1 2023 19:10:36[0m
[0;32mI (449) cpu_start: ELF file SHA256:  6c508067f...[0m
[0;32mI (455) cpu_start: ESP-IDF:          v5.2-dev-2756-g2bc1f2f574[0m
[0;32mI (461) cpu_start: Min chip rev:     v0.0[0m
[0;32mI (466) cpu_start: Max chip rev:     v3.99 [0m
[0;32mI (471) cpu_start: Chip rev:         v3.0[0m
[0;32mI (476) heap_init: Initializing. RAM available for dynamic allocation:[0m
[0;32mI (483) heap_init: At 3FFAE6E0 len 00001920 (6 KiB): DRAM[0m
[0;32mI (489) heap_init: At 3FFB77B0 len 00028850 (162 KiB): DRAM[0m
[0;32mI (495) heap_init: At 3FFE0440 len 00003AE0 (14 KiB): D/IRAM[0m
[0;32mI (501) heap_init: At 3FFE4350 len 0001BCB0 (111 KiB): D/IRAM[0m
[0;32mI (508) heap_init: At 40095C1C len 0000A3E4 (40 KiB): IRAM[0m
[0;32mI (515) spi_flash: detected chip: generic[0m
[0;32mI (518) spi_flash: flash io: dio[0m
[0;33mW (522) spi_flash: Detected size(4096k) larger than the size in the binary image header(2048k). Using the size in the binary image header.[0m
[0;32mI (536) app_start: Starting scheduler on CPU0[0m
[0;32mI (541) app_start: Starting scheduler on CPU1[0m
[0;32mI (541) main_task: Started on CPU0[0m
[0;32mI (551) main_task: Calling app_main()[0m
[0;32mI (591) wifi ap_station: ESP_WIFI_MODE_AP_STA[0m
ESP_ERROR_CHECK failed: esp_err_t 0x3001 (ESP_ERR_WIFI_NOT_INIT) at 0x400d5d52
file: "./main/ap_station_main.c" line 141
func: wifi_init_ap_sta
expression: esp_wifi_set_mode(WIFI_MODE_APSTA)

abort() was called at PC 0x40088ff7 on core 0


Backtrace: 0x400817e6:0x3ffb9740 0x40089001:0x3ffb9760 0x40090062:0x3ffb9780 0x40088ff7:0x3ffb97f0 0x400d5d52:0x3ffb9820 0x400d607f:0x3ffb9a90 0x4014dff3:0x3ffb9ab0 0x4008ba65:0x3ffb9ae0




ELF file SHA256: 6c508067f

Rebooting...
ets Jul 29 2019 12:21:46

rst:0xc (SW_CPU_RESET),boot:0x13 (SPI_FAST_FLASH_BOOT)
configsip: 0, SPIWP:0xee
clk_drv:0x00,q_drv:0x00,d_drv:0x00,cs0_drv:0x00,hd_drv:0x00,wp_drv:0x00
mode:DIO, clock div:2
load:0x3fff0030,len:7136
load:0x40078000,len:15780
ho 0 tail 12 room 4
load:0x40080400,len:4
load:0x40080404,len:3884
entry 0x40080650
[0;32mI (31) boot: ESP-IDF v5.2-dev-2756-g2bc1f2f574 2nd stage bootloader[0m
[0;32mI (31) boot: compile time Oct  1 2023 19:10:42[0m
[0;32mI (33) boot: Multicore bootloader[0m
[0;32mI (37) boot: chip revision: v3.0[0m
[0;32mI (41) boot.esp32: SPI Speed      : 40MHz[0m
[0;32mI (45) boot.esp32: SPI Mode       : DIO[0m
[0;32mI (50) boot.esp32: SPI Flash Size : 2MB[0m
[0;32mI (54) boot: Enabling RNG early entropy source...[0m
[0;32mI (60) boot: Partition Table:[0m
[0;32mI (63) boot: ## Label            Usage          Type ST Offset   Length[0m
[0;32mI (71) boot:  0 nvs              WiFi data        01 02 00009000 00006000[0m
[0;32mI (78) boot:  1 phy_init         RF data          01 01 0000f000 00001000[0m
[0;32mI (86) boot:  2 factory          factory app      00 00 00010000 00100000[0m
[0;32mI (93) boot: End of partition table[0m
[0;32mI (97) esp_image: segment 0: paddr=00010020 vaddr=3f400020 size=206b0h (132784) map[0m
[0;32mI (154) esp_image: segment 1: paddr=000306d8 vaddr=3ffb0000 size=03720h ( 14112) load[0m
[0;32mI (160) esp_image: segment 2: paddr=00033e00 vaddr=40080000 size=0c218h ( 49688) load[0m
[0;32mI (180) esp_image: segment 3: paddr=00040020 vaddr=400d0020 size=800c0h (524480) map[0m
[0;32mI (370) esp_image: segment 4: paddr=000c00e8 vaddr=4008c218 size=09a04h ( 39428) load[0m
[0;32mI (398) boot: Loaded app from partition at offset 0x10000[0m
[0;32mI (398) boot: Disabling RNG early entropy source...[0m
[0;32mI (409) cpu_start: Multicore app[0m
[0;32mI (410) cpu_start: Pro cpu up.[0m
[0;32mI (410) cpu_start: Starting app cpu, entry point is 0x400811e0[0m
[0;32mI (397) cpu_start: App cpu up.[0m
[0;32mI (428) cpu_start: Pro cpu start user code[0m
[0;32mI (428) cpu_start: cpu freq: 160000000 Hz[0m
[0;32mI (428) cpu_start: Application information:[0m
[0;32mI (432) cpu_start: Project name:     ap_station[0m
[0;32mI (438) cpu_start: App version:      39314c7-dirty[0m
[0;32mI (443) cpu_start: Compile time:     Oct  1 2023 19:10:36[0m
[0;32mI (449) cpu_start: ELF file SHA256:  6c508067f...[0m
[0;32mI (455) cpu_start: ESP-IDF:          v5.2-dev-2756-g2bc1f2f574[0m
[0;32mI (461) cpu_start: Min chip rev:     v0.0[0m
[0;32mI (466) cpu_start: Max chip rev:     v3.99 [0m
[0;32mI (471) cpu_start: Chip rev:         v3.0[0m
[0;32mI (476) heap_init: Initializing. RAM available for dynamic allocation:[0m
[0;32mI (483) heap_init: At 3FFAE6E0 len 00001920 (6 KiB): DRAM[0m
[0;32mI (489) heap_init: At 3FFB77B0 len 00028850 (162 KiB): DRAM[0m
[0;32mI (495) heap_init: At 3FFE0440 len 00003AE0 (14 KiB): D/IRAM[0m
[0;32mI (501) heap_init: At 3FFE4350 len 0001BCB0 (111 KiB): D/IRAM[0m
[0;32mI (508) heap_init: At 40095C1C len 0000A3E4 (40 KiB): IRAM[0m
[0;32mI (515) spi_flash: detected chip: generic[0m
[0;32mI (518) spi_flash: flash io: dio[0m
[0;33mW (522) spi_flash: Detected size(4096k) larger than the size in the binary image header(2048k). Using the size in the binary image header.[0m
[0;32mI (536) app_start: Starting scheduler on CPU0[0m
[0;32mI (541) app_start: Starting scheduler on CPU1[0m
[0;32mI (541) main_task: Started on CPU0[0m
[0;32mI (551) main_task: Calling app_main()[0m
[0;32mI (591) wifi ap_station: ESP_WIFI_MODE_AP_STA[0m
ESP_ERROR_CHECK failed: esp_err_t 0x3001 (ESP_ERR_WIFI_NOT_INIT) at 0x400d5d52
file: "./main/ap_station_main.c" line 141
func: wifi_init_ap_sta
expression: esp_wifi_set_mode(WIFI_MODE_APSTA)

abort() was called at PC 0x40088ff7 on core 0


Backtrace: 0x400817e6:0x3ffb9740 0x40089001:0x3ffb9760 0x40090062:0x3ffb9780 0x40088ff7:0x3ffb97f0 0x400d5d52:0x3ffb9820 0x400d607f:0x3ffb9a90 0x4014dff3:0x3ffb9ab0 0x4008ba65:0x3ffb9ae0




ELF file SHA256: 6c508067f

Rebooting...
ets Jul 29 2019 12:21:46

rst:0xc (SW_CPU_RESET),boot:0x13 (SPI_FAST_FLASH_BOOT)
configsip: 0, SPIWP:0xee
clk_drv:0x00,q_drv:0x00,d_drv:0x00,cs0_drv:0x00,hd_drv:0x00,wp_drv:0x00
mode:DIO, clock div:2
load:0x3fff0030,len:7136
load:0x40078000,len:15780
ho 0 tail 12 room 4
load:0x40080400,len:4
load:0x40080404,len:3884
entry 0x40080650
[0;32mI (31) boot: ESP-IDF v5.2-dev-2756-g2bc1f2f574 2nd stage bootloader[0m
[0;32mI (31) boot: compile time Oct  1 2023 19:10:42[0m
[0;32mI (33) boot: Multicore bootloader[0m
[0;32mI (37) boot: chip revision: v3.0[0m
[0;32mI (41) boot.esp32: SPI Speed      : 40MHz[0m
[0;32mI (45) boot.esp32: SPI Mode       : DIO[0m
[0;32mI (50) boot.esp32: SPI Flash Size : 2MB[0m
[0;32mI (54) boot: Enabling RNG early entropy source...[0m
[0;32mI (60) boot: Partition Table:[0m
[0;32mI (63) boot: ## Label            Usage          Type ST Offset   Length[0m
[0;32mI (71) boot:  0 nvs              WiFi data        01 02 00009000 00006000[0m
[0;32mI (78) boot:  1 phy_init         RF data          01 01 0000f000 00001000[0m
[0;32mI (86) boot:  2 factory          factory app      00 00 00010000 00100000[0m
[0;32mI (93) boot: End of partition table[0m
[0;32mI (97) esp_image: segment 0: paddr=00010020 vaddr=3f400020 size=206b0h (132784) map[0m
[0;32mI (154) esp_image: segment 1: paddr=000306d8 vaddr=3ffb0000 size=03720h ( 14112) load[0m
[0;32mI (160) esp_image: segment 2: paddr=00033e00 vaddr=40080000 size=0c218h ( 49688) load[0m
[0;32mI (180) esp_image: segment 3: paddr=00040020 vaddr=400d0020 size=800c0h (524480) map[0m
[0;32mI (370) esp_image: segment 4: paddr=000c00e8 vaddr=4008c218 size=09a04h ( 39428) load[0m
[0;32mI (398) boot: Loaded app from partition at offset 0x10000[0m
[0;32mI (398) boot: Disabling RNG early entropy source...[0m
[0;32mI (409) cpu_start: Multicore app[0m
[0;32mI (410) cpu_start: Pro cpu up.[0m
[0;32mI (410) cpu_start: Starting app cpu, entry point is 0x400811e0[0m
[0;32mI (397) cpu_start: App cpu up.[0m
[0;32mI (428) cpu_start: Pro cpu start user code[0m
[0;32mI (428) cpu_start: cpu freq: 160000000 Hz[0m
[0;32mI (428) cpu_start: Application information:[0m
[0;32mI (432) cpu_start: Project name:     ap_station[0m
[0;32mI (438) cpu_start: App version:      39314c7-dirty[0m
[0;32mI (443) cpu_start: Compile time:     Oct  1 2023 19:10:36[0m
[0;32mI (449) cpu_start: ELF file SHA256:  6c508067f...[0m
[0;32mI (455) cpu_start: ESP-IDF:          v5.2-dev-2756-g2bc1f2f574[0m
[0;32mI (461) cpu_start: Min chip rev:     v0.0[0m
[0;32mI (466) cpu_start: Max chip rev:     v3.99 [0m
[0;32mI (471) cpu_start: Chip rev:         v3.0[0m
[0;32mI (476) heap_init: Initializing. RAM available for dynamic allocation:[0m
[0;32mI (483) heap_init: At 3FFAE6E0 len 00001920 (6 KiB): DRAM[0m
[0;32mI (489) heap_init: At 3FFB77B0 len 00028850 (162 KiB): DRAM[0m
[0;32mI (495) heap_init: At 3FFE0440 len 00003AE0 (14 KiB): D/IRAM[0m
[0;32mI (501) heap_init: At 3FFE4350 len 0001BCB0 (111 KiB): D/IRAM[0m
[0;32mI (508) heap_init: At 40095C1C len 0000A3E4 (40 KiB): IRAM[0m
[0;32mI (515) spi_flash: detected chip: generic[0m
[0;32mI (518) spi_flash: flash io: dio[0m
[0;33mW (522) spi_flash: Detected size(4096k) larger than the size in the binary image header(2048k). Using the size in the binary image header.[0m
[0;32mI (536) app_start: Starting scheduler on CPU0[0m
[0;32mI (541) app_start: Starting scheduler on CPU1[0m
[0;32mI (541) main_task: Started on CPU0[0m
[0;32mI (551) main_task: Calling app_main()[0m
[0;32mI (591) wifi ap_station: ESP_WIFI_MODE_AP_STA[0m
ESP_ERROR_CHECK failed: esp_err_t 0x3001 (ESP_ERR_WIFI_NOT_INIT) at 0x400d5d52
file: "./main/ap_station_main.c" line 141
func: wifi_init_ap_sta
expression: esp_wifi_set_mode(WIFI_MODE_APSTA)

abort() was called at PC 0x40088ff7 on core 0


Backtrace: 0x400817e6:0x3ffb9740 0x40089001:0x3ffb9760 0x40090062:0x3ffb9780 0x40088ff7:0x3ffb97f0 0x400d5d52:0x3ffb9820 0x400d607f:0x3ffb9a90 0x4014dff3:0x3ffb9ab0 0x4008ba65:0x3ffb9ae0




ELF file SHA256: 6c508067f

